================================================================================
  GEOMIND GENERATION BENCHMARK TEST REPORT
  Model: GeoMind 4.46B E8-MoE Architecture | Prompts: 7 | Temp: 0.70
================================================================================

PROMPT 1: "The reason why I want to"
[GeoMind Chat] Query: "The reason why I want to"
[GeoMind Chat] GeoMind Neural Output: wedge Cet nond ters Yuk Aber toes Scoingt brom Hus stir jel Worth Pert Titeboocychrom Gest Others Picture [Hopfield Energy Minimum: 1.0000]

--------------------------------------------------------------------------------

PROMPT 2: "In other words, the primary goal is"
[GeoMind Chat] Query: "In other words, the primary goal is"
[GeoMind Chat] GeoMind Neural Output:  Sag nond Palm bogocyozeringt Pap toes Sak Aber Sob Titverts Hus Viv Polycurs Edwardheitenrostelian [Hopfield Energy Minimum: 1.0000]

--------------------------------------------------------------------------------

PROMPT 3: "At the end of the day, we must"
[GeoMind Chat] Query: "At the end of the day, we must"
[GeoMind Chat] GeoMind Neural Output:  Aber Ris Cir toes Ink Yukrenc tales leagues Lavyliessional Shenocyeln Tit Thi quali renovation Waldurdyled [Hopfield Energy Minimum: 1.0000]

--------------------------------------------------------------------------------

PROMPT 4: "By the way, it is important to note that"
[GeoMind Chat] Query: "By the way, it is important to note that"
[GeoMind Chat] GeoMind Neural Output:  Seswedge riv touches Obviously prohibit Pars Hus blot toes Gesocy Cetessional Nit Nap Ry declwe quali throws one [Hopfield Energy Minimum: 1.0000]

--------------------------------------------------------------------------------

PROMPT 5: "As a matter of fact, the research shows"
[GeoMind Chat] Query: "As a matter of fact, the research shows"
[GeoMind Chat] GeoMind Neural Output:  Cet bew Titumble Wald Ses diveogly Valle pole Pick Gast pockets faut guilty Kle wakeendum dividelinessAssoci hardly [Hopfield Energy Minimum: 1.0000]

--------------------------------------------------------------------------------

PROMPT 6: "Believe it or not, the results demonstrate"
[GeoMind Chat] Query: "Believe it or not, the results demonstrate"
[GeoMind Chat] GeoMind Neural Output: erei Sanders lev Rid pockets Yuk cron Thi Sag Pert Til Ris Vere Ses vra topsessenkun[/ wrappedieveln [Hopfield Energy Minimum: 1.0000]

--------------------------------------------------------------------------------

PROMPT 7: "On the other hand, the alternative approach"
[GeoMind Chat] Query: "On the other hand, the alternative approach"
[GeoMind Chat] GeoMind Neural Output:  contre Palm Thom Thi tires versch Shen ware Husogly Palmer phytebo Crow kald Sor gilt freezing shit babies staying spreading [Hopfield Energy Minimum: 1.0000]

--------------------------------------------------------------------------------

