================================================================================
  GEOMIND GENERATION BENCHMARK TEST REPORT
  Model: GeoMind 4.46B E8-MoE Architecture | Prompts: 7 | Temp: 0.70
================================================================================

PROMPT 1: "The reason why I want to"
[GeoMind Chat] Query: "The reason why I want to"
[GeoMind Chat] GeoMind Neural Output: wedge Cir lev bab induct Midd Aberyli Sess Mullessional Nord kald vard Belgian recombination Heath delegate TagoproteashiStre [Hopfield Energy Minimum: 1.0000]

--------------------------------------------------------------------------------

PROMPT 2: "In other words, the primary goal is"
[GeoMind Chat] Query: "In other words, the primary goal is"
[GeoMind Chat] GeoMind Neural Output: rons Tit blot Ses Aber Happ Tod Hog Brushlander planesenh TortMg triangular Plegestellt UT chicos[@ forty recur [Hopfield Energy Minimum: 1.0000]

--------------------------------------------------------------------------------

PROMPT 3: "At the end of the day, we must"
[GeoMind Chat] Query: "At the end of the day, we must"
[GeoMind Chat] GeoMind Neural Output: ilda Gallhus Tit Scohleressionalfind dus Peak Version knock)]( tongue woodlandcolnames ER Paysangka Undtrianglezial [Hopfield Energy Minimum: 1.0000]

--------------------------------------------------------------------------------

PROMPT 4: "By the way, it is important to note that"
[GeoMind Chat] Query: "By the way, it is important to note that"
[GeoMind Chat] GeoMind Neural Output:  stirogly Sob jelbitszecFileInput benign ding herebyilh Bradleyyoufind downstream Registration Pictures Tag XIV bronch certainlyyyyy [Hopfield Energy Minimum: 1.0000]

--------------------------------------------------------------------------------

PROMPT 5: "As a matter of fact, the research shows"
[GeoMind Chat] Query: "As a matter of fact, the research shows"
[GeoMind Chat] GeoMind Neural Output:  stir bog toes wareberger SCRE Zahl Tag similarly custapispunktTEE civilhutovel removable Pleirectionalindleitectureocom [Hopfield Energy Minimum: 1.0000]

--------------------------------------------------------------------------------

PROMPT 6: "Believe it or not, the results demonstrate"
[GeoMind Chat] Query: "Believe it or not, the results demonstrate"
[GeoMind Chat] GeoMind Neural Output:  beats tersrons rede babiesogly raid pocketTal promiseitarian Steve reboot Mug boil cint lacstrelz viertalkassen [Hopfield Energy Minimum: 1.0000]

--------------------------------------------------------------------------------

PROMPT 7: "On the other hand, the alternative approach"
[GeoMind Chat] Query: "On the other hand, the alternative approach"
[GeoMind Chat] GeoMind Neural Output:  Rid declPy Tit mart Fol Ned tongue Vor#{assenfulness ding diret dimensional buddynow at^{-\\Sin Baldwin kec [Hopfield Energy Minimum: 1.0000]

--------------------------------------------------------------------------------

