================================================================================
  STAGE 0: CLEAN BASELINE GENERATION TEST REPORT (PRE-TRAINING STATE)
  Model: GeoMind 4.46B E8-MoE Architecture | Prompts: 7 | Temp: 0.70
================================================================================

PROMPT 1: "The reason why I want to"
[GeoMind Chat] Query: "The reason why I want to"
[GeoMind Chat] GeoMind Neural Output: chandonc YukawapitFil blot iheunivers Wiss subsSAT Anspruchentyenin Secure threxfaat Ste phosphoriczeru [Hopfield Energy Minimum: 1.0000]

--------------------------------------------------------------------------------

PROMPT 2: "In other words, the primary goal is"
[GeoMind Chat] Query: "In other words, the primary goal is"
[GeoMind Chat] GeoMind Neural Output: stlerin Pinchsubs coloniesostr exped Beautiful phosphoric loan</iframe>ettfangoterapia selama Pearstro Bricompressedzinho conquistar Rudd [Hopfield Energy Minimum: 1.0000]

--------------------------------------------------------------------------------

PROMPT 3: "At the end of the day, we must"
[GeoMind Chat] Query: "At the end of the day, we must"
[GeoMind Chat] GeoMind Neural Output:  BehaviorJsonResponse SelfWoljdaPou Beautiful Grund marshmallows speedy kara media acclaimed Lata Nuss Ste nui COS regressionardi unrelentingenes [Hopfield Energy Minimum: 1.0000]

--------------------------------------------------------------------------------

PROMPT 4: "By the way, it is important to note that"
[GeoMind Chat] Query: "By the way, it is important to note that"
[GeoMind Chat] GeoMind Neural Output:  Yog<0xBD> Secureoterapiaindre FilipSTRA nuialang Decorationuram MergeryteismaBs Spin Natalhardt WY YusFors Media [Hopfield Energy Minimum: 1.0000]

--------------------------------------------------------------------------------

PROMPT 5: "As a matter of fact, the research shows"
[GeoMind Chat] Query: "As a matter of fact, the research shows"
[GeoMind Chat] GeoMind Neural Output: chrosruInterest SerikatstukForwardjda Kasvalistroyin Forsyth Validate XIVationstileismabrid FR BeautifulHailmeti [Hopfield Energy Minimum: 1.0000]

--------------------------------------------------------------------------------

PROMPT 6: "Believe it or not, the results demonstrate"
[GeoMind Chat] Query: "Believe it or not, the results demonstrate"
[GeoMind Chat] GeoMind Neural Output: ang WYompact trove(| Journalistselianutz hitterOPH acclaimedett<|turn>(': Behavior NITenders Mannes covenant Zeroevin COS [Hopfield Energy Minimum: 1.0000]

--------------------------------------------------------------------------------

PROMPT 7: "On the other hand, the alternative approach"
[GeoMind Chat] Query: "On the other hand, the alternative approach"
[GeoMind Chat] GeoMind Neural Output:  gig !!!patitabPage Nor Schr dispone Selfoge Secret Saranation spl KasEROS acquies Mareegy Eing overarchingUnlocked acclaimed [Hopfield Energy Minimum: 1.0000]

--------------------------------------------------------------------------------

