================================================================================
  STAGE 1: POST-CLOZE GENERATION TEST REPORT
  Model: GeoMind 4.46B E8-MoE Architecture | Prompts: 7 | Temp: 0.70
================================================================================

PROMPT 1: "The reason why I want to"
[GeoMind Chat] Query: "The reason why I want to"
[GeoMind Chat] GeoMind Neural Output:  tendercached Pal chapacher khal signalded neoprenestre Yuk beauty SPDc Revolutionaval Scale josephfanggere chybas [Hopfield Energy Minimum: 1.0000]

--------------------------------------------------------------------------------

PROMPT 2: "In other words, the primary goal is"
[GeoMind Chat] Query: "In other words, the primary goal is"
[GeoMind Chat] GeoMind Neural Output:  ordinsmallskip Praisellerinst Beautiful Yusrubridokes Media beautyation Nga Scale rebelliousampzinho</bbox> loan Zah [Hopfield Energy Minimum: 1.0000]

--------------------------------------------------------------------------------

PROMPT 3: "At the end of the day, we must"
[GeoMind Chat] Query: "At the end of the day, we must"
[GeoMind Chat] GeoMind Neural Output:  acclaimedstrosproz covenantsman gig exuberant Russ Behavior Keating Balanced\");</ wellknownoresFors concerted gre Grund ashores tau nahezu [Hopfield Energy Minimum: 1.0000]

--------------------------------------------------------------------------------

PROMPT 4: "By the way, it is important to note that"
[GeoMind Chat] Query: "By the way, it is important to note that"
[GeoMind Chat] GeoMind Neural Output:  Balanced<0xBD> @@cores peculiar zum Grub wellknown Bill Mooarella NatalGreek pharmacies crash speedy CompoundsKtisma lest chybafang [Hopfield Energy Minimum: 1.0000]

--------------------------------------------------------------------------------

PROMPT 5: "As a matter of fact, the research shows"
[GeoMind Chat] Query: "As a matter of fact, the research shows"
[GeoMind Chat] GeoMind Neural Output:  Secure acclaimed._ SecretWPisma<div> covenant columnNameMit bill otherworldlyikations respectful Yemek Grub NorgeANOVA mullGysubs*= [Hopfield Energy Minimum: 1.0000]

--------------------------------------------------------------------------------

PROMPT 6: "Believe it or not, the results demonstrate"
[GeoMind Chat] Query: "Believe it or not, the results demonstrate"
[GeoMind Chat] GeoMind Neural Output:  corners spin blot Secure propos espacial</bbox> azimuth crash Grund indeflerinerester compviioremsivindreostrumber pulsations [Hopfield Energy Minimum: 1.0000]

--------------------------------------------------------------------------------

PROMPT 7: "On the other hand, the alternative approach"
[GeoMind Chat] Query: "On the other hand, the alternative approach"
[GeoMind Chat] GeoMind Neural Output:  nuiSYM Self Pontiacchner media Pred puree</bbox>buildingoremstabPage Marepestentreprise documentffin(\",\")vare Beautiful IDENTITYotur [Hopfield Energy Minimum: 1.0000]

--------------------------------------------------------------------------------

