================================================================================
  STAGE 3: POST-SFT GENERATION TEST REPORT
  Model: GeoMind 4.46B E8-MoE Architecture | Prompts: 7 | Temp: 0.70
================================================================================

PROMPT 1: "The reason why I want to"
[GeoMind Chat] Query: "The reason why I want to"
[GeoMind Chat] GeoMind Neural Output: ch ahorCHES Mediaationbitselics charahili WYspinningostr kru Gaul signal comportting involuntarily acclaimed\"${ uophele [Hopfield Energy Minimum: 1.0000]

--------------------------------------------------------------------------------

PROMPT 2: "In other words, the primary goal is"
[GeoMind Chat] Query: "In other words, the primary goal is"
[GeoMind Chat] GeoMind Neural Output:  mal Nor Beautiful Secretours covenant motivationfloushi Brave gig interrelatedsshipsubs tonoslerin przecifangcorpor</bbox>SIP [Hopfield Energy Minimum: 1.0000]

--------------------------------------------------------------------------------

PROMPT 3: "At the end of the day, we must"
[GeoMind Chat] Query: "At the end of the day, we must"
[GeoMind Chat] GeoMind Neural Output:  Century tollecenieOPH blot kadar BrainPou loanaritach Maz Joon bread gyd Grub lxITT Yusdfundingstoffenlerin [Hopfield Energy Minimum: 1.0000]

--------------------------------------------------------------------------------

PROMPT 4: "By the way, it is important to note that"
[GeoMind Chat] Query: "By the way, it is important to note that"
[GeoMind Chat] GeoMind Neural Output:  clownrund Beautifulismachanical blot xongnaire YuspestNotFoundErrorories forever Mare Nga lestroversettlung novo salvation Greek [Hopfield Energy Minimum: 1.0000]

--------------------------------------------------------------------------------

PROMPT 5: "As a matter of fact, the research shows"
[GeoMind Chat] Query: "As a matter of fact, the research shows"
[GeoMind Chat] GeoMind Neural Output: ushi notor Sachligtambra nahezufang practice bridle Provident chummedia acclaimed RespondercompressedCsvg Lied Grund spruce claw Mare Subs [Hopfield Energy Minimum: 1.0000]

--------------------------------------------------------------------------------

PROMPT 6: "Believe it or not, the results demonstrate"
[GeoMind Chat] Query: "Believe it or not, the results demonstrate"
[GeoMind Chat] GeoMind Neural Output: okia blot Behaviorisma tectushisides coerceder ZatpestglClear sincOPH Testalagokes hitter gig covenantATA Kas [Hopfield Energy Minimum: 1.0000]

--------------------------------------------------------------------------------

PROMPT 7: "On the other hand, the alternative approach"
[GeoMind Chat] Query: "On the other hand, the alternative approach"
[GeoMind Chat] GeoMind Neural Output:  KritForward Beautiful YogJsonResponse Progress statliv nahezucorre Wit Grub wellknown reschedulefang Witnesses Version subs decidedly Vogel Abuse Pots [Hopfield Energy Minimum: 1.0000]

--------------------------------------------------------------------------------

