================================================================================
  42-LAYER SO(2560) LIE MANIFOLD BASELINE REPORT
  Model: GeoMind 4.46B E8-MoE Architecture | Prompts: 7 | Temp: 0.70
================================================================================

PROMPT 1: "The reason why I want to"
[GeoMind Chat] Query: "The reason why I want to"
[GeoMind Chat] GeoMind Neural Output: fang Pic dressing acclaimed numer Moo UFC Pun %% Lyapunov Wiss Self Dimit BalancedotomyJsonResponseutz KrittoFloatettcompresseduan [Hopfield Energy Minimum: 1.0000]

--------------------------------------------------------------------------------

PROMPT 2: "In other words, the primary goal is"
[GeoMind Chat] Query: "In other words, the primary goal is"
[GeoMind Chat] GeoMind Neural Output: fangeeslerinzinhoalic Pinch troveully covenant</bbox>liu Secure autopsySerializer leftligt tongue teeth senin Gim spinvali [Hopfield Energy Minimum: 1.0000]

--------------------------------------------------------------------------------

PROMPT 3: "At the end of the day, we must"
[GeoMind Chat] Query: "At the end of the day, we must"
[GeoMind Chat] GeoMind Neural Output:  Nor nuidokument Yus stat Pee Centuryutung Grund Holidaysett Behavior reel indef Conversion Fare Self involuntarily Ngalerinfang comp [Hopfield Energy Minimum: 1.0000]

--------------------------------------------------------------------------------

PROMPT 4: "By the way, it is important to note that"
[GeoMind Chat] Query: "By the way, it is important to note that"
[GeoMind Chat] GeoMind Neural Output:  nuintzoresAid Grundusse Figue Centuryelicsbay Yog diving subs Behavior ParsonsmetiITT media gre Humph Abuseenya [Hopfield Energy Minimum: 1.0000]

--------------------------------------------------------------------------------

PROMPT 5: "As a matter of fact, the research shows"
[GeoMind Chat] Query: "As a matter of fact, the research shows"
[GeoMind Chat] GeoMind Neural Output:  Krit victims clown SubjectconstraintTopmaso Yuserstraobacz Yemek rebellion titer stakeushi mighty menj peculiar editionfang stationOPH [Hopfield Energy Minimum: 1.0000]

--------------------------------------------------------------------------------

PROMPT 6: "Believe it or not, the results demonstrate"
[GeoMind Chat] Query: "Believe it or not, the results demonstrate"
[GeoMind Chat] GeoMind Neural Output:  multipelianelicsrec mediaationVi Humph Kritsembly overarchingJsonResponse Kasgning fiqueoirluvtoFloat phosphoriciersviewsstre [Hopfield Energy Minimum: 1.0000]

--------------------------------------------------------------------------------

PROMPT 7: "On the other hand, the alternative approach"
[GeoMind Chat] Query: "On the other hand, the alternative approach"
[GeoMind Chat] GeoMind Neural Output: ligt phosphoricrundlerin Malibuation trib Yus Bristro hairs optically acclaimed titer teethspunktmarch Century overarching lop berp Beau [Hopfield Energy Minimum: 1.0000]

--------------------------------------------------------------------------------

