================================================================================
  STAGE 2: POST-CE GENERATION TEST REPORT
  Model: GeoMind 4.46B E8-MoE Architecture | Prompts: 7 | Temp: 0.70
================================================================================

PROMPT 1: "The reason why I want to"
[GeoMind Chat] Query: "The reason why I want to"
[GeoMind Chat] GeoMind Neural Output: ation Khud Validate Milettfang kh tender Waldalah Stream kav dogged byproductTahoma seresHua media Beautiful sar spinningonn [Hopfield Energy Minimum: 1.0000]

--------------------------------------------------------------------------------

PROMPT 2: "In other words, the primary goal is"
[GeoMind Chat] Query: "In other words, the primary goal is"
[GeoMind Chat] GeoMind Neural Output:  #{@ernheleches Humph nuiparties pray</bbox> marad Yusobank compilers QLabel Beautiful mic COSetesIKOpit salvationores [Hopfield Energy Minimum: 1.0000]

--------------------------------------------------------------------------------

PROMPT 3: "At the end of the day, we must"
[GeoMind Chat] Query: "At the end of the day, we must"
[GeoMind Chat] GeoMind Neural Output:  phosphoric tolleUng Wiss wy Ung Ste Beautifulbios echteyli Kasamp Wilmington gyd Scale>?jdaerne :: humanos Media [Hopfield Energy Minimum: 1.0000]

--------------------------------------------------------------------------------

PROMPT 4: "By the way, it is important to note that"
[GeoMind Chat] Query: "By the way, it is important to note that"
[GeoMind Chat] GeoMind Neural Output:  Nor SPD Ste blotfangbigcup prospect Securemical WYffinettantine nuipositesdsc covenant Lawson Yog Yussegaretro Balanced [Hopfield Energy Minimum: 1.0000]

--------------------------------------------------------------------------------

PROMPT 5: "As a matter of fact, the research shows"
[GeoMind Chat] Query: "As a matter of fact, the research shows"
[GeoMind Chat] GeoMind Neural Output:  Brasileira Skid._ Schwre spor Mannheimusp Marina Yuk Ngaeliansubs threxfanggers '&pestester kavordinateCLR [Hopfield Energy Minimum: 1.0000]

--------------------------------------------------------------------------------

PROMPT 6: "Believe it or not, the results demonstrate"
[GeoMind Chat] Query: "Believe it or not, the results demonstrate"
[GeoMind Chat] GeoMind Neural Output:  Corners numer keng Journalistszinha</bbox>submissionfangectomy threx acclaimedc Gap '& media nui Universidad Fool theoristmlerJsonResponse phosphoric [Hopfield Energy Minimum: 1.0000]

--------------------------------------------------------------------------------

PROMPT 7: "On the other hand, the alternative approach"
[GeoMind Chat] Query: "On the other hand, the alternative approach"
[GeoMind Chat] GeoMind Neural Output:  Secure Kas resin mili Beautifulismaebel Wissleringrained prawn Nor<0x88> Grund decidedly gyd loan somos nuichesterbigcup(| [Hopfield Energy Minimum: 1.0000]

--------------------------------------------------------------------------------

