================================================================================
  GEOMIND STEADY-STATE STREAMING [CLOZE] TRAINING LOG
  Target Loss: 2.50 | Base LR: 0.000500 | Min LR: 0.000010 | Decay: cosine
================================================================================

[GeoMind CLOZE Stream] Epoch 1 | Progress:    448 / 222371 (  0.2%) | TL: 12.3140 | ATL: 12.3140 | VL: 12.2419 | AVL: 12.2419 | VPPL: 207295.47 | Rate: 106.0 s/s | LR: 0.000010
[GeoMind CLOZE Stream] Epoch 1 | Progress:   1344 / 222371 (  0.6%) | TL: 12.3234 | ATL: 12.3785 | VL: 12.2419 | AVL: 12.2419 | VPPL: 207294.89 | Rate: 87.4 s/s | LR: 0.000059
[GeoMind CLOZE Stream] Epoch 1 | Progress:   2240 / 222371 (  1.0%) | TL: 12.2762 | ATL: 12.1616 | VL: 12.2419 | AVL: 12.2418 | VPPL: 207292.76 | Rate: 91.9 s/s | LR: 0.000108
[GeoMind CLOZE Stream] Epoch 1 | Progress:   3136 / 222371 (  1.4%) | TL: 12.2739 | ATL: 12.1895 | VL: 12.2419 | AVL: 12.2417 | VPPL: 207288.21 | Rate: 94.0 s/s | LR: 0.000157
[GeoMind CLOZE Stream] Epoch 1 | Progress:   4032 / 222371 (  1.8%) | TL: 12.2668 | ATL: 12.1920 | VL: 12.2418 | AVL: 12.2416 | VPPL: 207279.88 | Rate: 95.1 s/s | LR: 0.000206
[GeoMind CLOZE Stream] Epoch 1 | Progress:   4480 / 222371 (  2.0%) | TL: 12.2763 | ATL: 12.2186 | VL: 12.2418 | AVL: 12.2414 | VPPL: 207268.68 | Rate: 94.7 s/s | LR: 0.000231
[GeoMind CLOZE Stream] Epoch 1 | Progress:   5376 / 222371 (  2.4%) | TL: 12.2714 | ATL: 12.2206 | VL: 12.2417 | AVL: 12.2412 | VPPL: 207249.55 | Rate: 95.4 s/s | LR: 0.000280
[GeoMind CLOZE Stream] Epoch 1 | Progress:   6272 / 222371 (  2.8%) | TL: 12.2561 | ATL: 12.2047 | VL: 12.2415 | AVL: 12.2409 | VPPL: 207221.35 | Rate: 96.0 s/s | LR: 0.000329
[GeoMind CLOZE Stream] Epoch 1 | Progress:   6720 / 222371 (  3.0%) | TL: 12.2586 | ATL: 12.2115 | VL: 12.2414 | AVL: 12.2407 | VPPL: 207189.25 | Rate: 95.6 s/s | LR: 0.000353
[GeoMind CLOZE Stream] Epoch 1 | Progress:   7616 / 222371 (  3.4%) | TL: 12.2648 | ATL: 12.2236 | VL: 12.2412 | AVL: 12.2403 | VPPL: 207147.69 | Rate: 96.0 s/s | LR: 0.000402
[GeoMind CLOZE Stream] Epoch 1 | Progress:   8512 / 222371 (  3.8%) | TL: 12.2640 | ATL: 12.2262 | VL: 12.2409 | AVL: 12.2400 | VPPL: 207096.26 | Rate: 96.4 s/s | LR: 0.000451
[GeoMind CLOZE Stream] Epoch 1 | Progress:   8960 / 222371 (  4.0%) | TL: 12.2654 | ATL: 12.2295 | VL: 12.2407 | AVL: 12.2396 | VPPL: 207040.45 | Rate: 96.2 s/s | LR: 0.000476
[GeoMind CLOZE Stream] Epoch 1 | Progress:   9856 / 222371 (  4.4%) | TL: 12.2267 | ATL: 12.1967 | VL: 12.2403 | AVL: 12.2392 | VPPL: 206972.73 | Rate: 96.5 s/s | LR: 0.000498
[GeoMind CLOZE Stream] Epoch 1 | Progress:  10752 / 222371 (  4.8%) | TL: 12.2310 | ATL: 12.2023 | VL: 12.2400 | AVL: 12.2387 | VPPL: 206893.26 | Rate: 96.8 s/s | LR: 0.000497
[GeoMind CLOZE Stream] Epoch 1 | Progress:  11200 / 222371 (  5.0%) | TL: 12.2170 | ATL: 12.1923 | VL: 12.2396 | AVL: 12.2383 | VPPL: 206809.25 | Rate: 96.6 s/s | LR: 0.000497
[GeoMind CLOZE Stream] Epoch 1 | Progress:  12096 / 222371 (  5.4%) | TL: 12.2132 | ATL: 12.1921 | VL: 12.2391 | AVL: 12.2377 | VPPL: 206710.92 | Rate: 96.8 s/s | LR: 0.000497
[GeoMind CLOZE Stream] Epoch 1 | Progress:  12992 / 222371 (  5.8%) | TL: 12.2740 | ATL: 12.2356 | VL: 12.2385 | AVL: 12.2372 | VPPL: 206599.55 | Rate: 95.5 s/s | LR: 0.000496
[GeoMind CLOZE Stream] Epoch 1 | Progress:  13440 / 222371 (  6.0%) | TL: 12.2502 | ATL: 12.2211 | VL: 12.2380 | AVL: 12.2366 | VPPL: 206485.03 | Rate: 95.4 s/s | LR: 0.000496
[GeoMind CLOZE Stream] Epoch 1 | Progress:  14336 / 222371 (  6.4%) | TL: 12.2589 | ATL: 12.2289 | VL: 12.2374 | AVL: 12.2361 | VPPL: 206358.92 | Rate: 95.5 s/s | LR: 0.000495
[GeoMind CLOZE Stream] Epoch 1 | Progress:  15232 / 222371 (  6.8%) | TL: 12.2475 | ATL: 12.2239 | VL: 12.2367 | AVL: 12.2355 | VPPL: 206224.29 | Rate: 95.8 s/s | LR: 0.000495
[GeoMind CLOZE Stream] Epoch 1 | Progress:  15680 / 222371 (  7.1%) | TL: 12.2322 | ATL: 12.2158 | VL: 12.2361 | AVL: 12.2349 | VPPL: 206087.85 | Rate: 95.7 s/s | LR: 0.000494
[GeoMind CLOZE Stream] Epoch 1 | Progress:  16576 / 222371 (  7.5%) | TL: 12.2401 | ATL: 12.2216 | VL: 12.2354 | AVL: 12.2343 | VPPL: 205943.32 | Rate: 95.8 s/s | LR: 0.000494
[GeoMind CLOZE Stream] Epoch 1 | Progress:  17472 / 222371 (  7.9%) | TL: 12.2018 | ATL: 12.2021 | VL: 12.2346 | AVL: 12.2337 | VPPL: 205788.45 | Rate: 95.9 s/s | LR: 0.000493
[GeoMind CLOZE Stream] Epoch 1 | Progress:  17920 / 222371 (  8.1%) | TL: 12.1867 | ATL: 12.1945 | VL: 12.2338 | AVL: 12.2331 | VPPL: 205632.27 | Rate: 95.8 s/s | LR: 0.000493
[GeoMind CLOZE Stream] Epoch 1 | Progress:  18816 / 222371 (  8.5%) | TL: 12.1591 | ATL: 12.1808 | VL: 12.2330 | AVL: 12.2325 | VPPL: 205466.50 | Rate: 95.9 s/s | LR: 0.000492
[GeoMind CLOZE Stream] Epoch 1 | Progress:  19712 / 222371 (  8.9%) | TL: 12.1420 | ATL: 12.1721 | VL: 12.2322 | AVL: 12.2319 | VPPL: 205291.69 | Rate: 95.9 s/s | LR: 0.000491
[GeoMind CLOZE Stream] Epoch 1 | Progress:  20160 / 222371 (  9.1%) | TL: 12.1637 | ATL: 12.1811 | VL: 12.2313 | AVL: 12.2312 | VPPL: 205115.93 | Rate: 95.9 s/s | LR: 0.000491
[GeoMind CLOZE Stream] Epoch 1 | Progress:  21056 / 222371 (  9.5%) | TL: 12.1612 | ATL: 12.1793 | VL: 12.2304 | AVL: 12.2306 | VPPL: 204928.74 | Rate: 95.1 s/s | LR: 0.000490
[GeoMind CLOZE Stream] Epoch 1 | Progress:  21952 / 222371 (  9.9%) | TL: 12.1436 | ATL: 12.1711 | VL: 12.2295 | AVL: 12.2299 | VPPL: 204731.15 | Rate: 95.2 s/s | LR: 0.000489
[GeoMind CLOZE Stream] Epoch 1 | Progress:  22400 / 222371 ( 10.1%) | TL: 12.1261 | ATL: 12.1636 | VL: 12.2285 | AVL: 12.2293 | VPPL: 204534.69 | Rate: 95.1 s/s | LR: 0.000488
[GeoMind CLOZE Stream] Epoch 1 | Progress:  23296 / 222371 ( 10.5%) | TL: 12.1169 | ATL: 12.1587 | VL: 12.2275 | AVL: 12.2286 | VPPL: 204332.96 | Rate: 95.2 s/s | LR: 0.000487
[GeoMind CLOZE Stream] Epoch 1 | Progress:  24192 / 222371 ( 10.9%) | TL: 12.1032 | ATL: 12.1520 | VL: 12.2265 | AVL: 12.2279 | VPPL: 204125.93 | Rate: 95.4 s/s | LR: 0.000486
[GeoMind CLOZE Stream] Epoch 1 | Progress:  24640 / 222371 ( 11.1%) | TL: 12.1017 | ATL: 12.1505 | VL: 12.2255 | AVL: 12.2273 | VPPL: 203921.39 | Rate: 95.3 s/s | LR: 0.000486
[GeoMind CLOZE Stream] Epoch 1 | Progress:  25536 / 222371 ( 11.5%) | TL: 12.1124 | ATL: 12.1528 | VL: 12.2245 | AVL: 12.2266 | VPPL: 203711.13 | Rate: 95.3 s/s | LR: 0.000485
[GeoMind CLOZE Stream] Epoch 1 | Progress:  26432 / 222371 ( 11.9%) | TL: 12.0921 | ATL: 12.1442 | VL: 12.2234 | AVL: 12.2260 | VPPL: 203495.43 | Rate: 94.6 s/s | LR: 0.000484
[GeoMind CLOZE Stream] Epoch 1 | Progress:  26880 / 222371 ( 12.1%) | TL: 12.0722 | ATL: 12.1367 | VL: 12.2224 | AVL: 12.2253 | VPPL: 203283.05 | Rate: 94.5 s/s | LR: 0.000483
[GeoMind CLOZE Stream] Epoch 1 | Progress:  27776 / 222371 ( 12.5%) | TL: 12.0536 | ATL: 12.1283 | VL: 12.2213 | AVL: 12.2246 | VPPL: 203064.12 | Rate: 94.7 s/s | LR: 0.000482
[GeoMind CLOZE Stream] Epoch 1 | Progress:  28672 / 222371 ( 12.9%) | TL: 12.0007 | ATL: 12.1092 | VL: 12.2202 | AVL: 12.2240 | VPPL: 202836.82 | Rate: 94.1 s/s | LR: 0.000481
[GeoMind CLOZE Stream] Epoch 1 | Progress:  29120 / 222371 ( 13.1%) | TL: 11.9835 | ATL: 12.1022 | VL: 12.2190 | AVL: 12.2233 | VPPL: 202610.46 | Rate: 94.1 s/s | LR: 0.000480
[GeoMind CLOZE Stream] Epoch 1 | Progress:  30016 / 222371 ( 13.5%) | TL: 11.9578 | ATL: 12.0906 | VL: 12.2179 | AVL: 12.2226 | VPPL: 202374.82 | Rate: 94.2 s/s | LR: 0.000479
[GeoMind CLOZE Stream] Epoch 1 | Progress:  30912 / 222371 ( 13.9%) | TL: 11.9360 | ATL: 12.0800 | VL: 12.2167 | AVL: 12.2219 | VPPL: 202129.71 | Rate: 93.7 s/s | LR: 0.000478
[GeoMind CLOZE Stream] Epoch 1 | Progress:  31360 / 222371 ( 14.1%) | TL: 11.9131 | ATL: 12.0714 | VL: 12.2155 | AVL: 12.2212 | VPPL: 201886.50 | Rate: 93.6 s/s | LR: 0.000477
[GeoMind CLOZE Stream] Epoch 1 | Progress:  32256 / 222371 ( 14.5%) | TL: 11.8994 | ATL: 12.0631 | VL: 12.2142 | AVL: 12.2205 | VPPL: 201635.10 | Rate: 93.8 s/s | LR: 0.000476
[GeoMind CLOZE Stream] Epoch 1 | Progress:  33152 / 222371 ( 14.9%) | TL: 11.8454 | ATL: 12.0439 | VL: 12.2129 | AVL: 12.2198 | VPPL: 201377.43 | Rate: 93.9 s/s | LR: 0.000474
[GeoMind CLOZE Stream] Epoch 1 | Progress:  33600 / 222371 ( 15.1%) | TL: 11.8298 | ATL: 12.0371 | VL: 12.2117 | AVL: 12.2191 | VPPL: 201122.41 | Rate: 93.9 s/s | LR: 0.000474
[GeoMind CLOZE Stream] Epoch 1 | Progress:  34496 / 222371 ( 15.5%) | TL: 11.8038 | ATL: 12.0249 | VL: 12.2104 | AVL: 12.2183 | VPPL: 200858.46 | Rate: 94.0 s/s | LR: 0.000472
[GeoMind CLOZE Stream] Epoch 1 | Progress:  35392 / 222371 ( 15.9%) | TL: 11.7895 | ATL: 12.0156 | VL: 12.2090 | AVL: 12.2176 | VPPL: 200586.47 | Rate: 94.1 s/s | LR: 0.000471
[GeoMind CLOZE Stream] Epoch 1 | Progress:  35840 / 222371 ( 16.1%) | TL: 11.7862 | ATL: 12.0119 | VL: 12.2077 | AVL: 12.2168 | VPPL: 200317.92 | Rate: 94.0 s/s | LR: 0.000470
[GeoMind CLOZE Stream] Epoch 1 | Progress:  36736 / 222371 ( 16.5%) | TL: 11.7945 | ATL: 12.0083 | VL: 12.2063 | AVL: 12.2161 | VPPL: 200046.17 | Rate: 94.1 s/s | LR: 0.000469
[GeoMind CLOZE Stream] Epoch 1 | Progress:  37632 / 222371 ( 16.9%) | TL: 11.7783 | ATL: 11.9993 | VL: 12.2049 | AVL: 12.2154 | VPPL: 199772.17 | Rate: 94.2 s/s | LR: 0.000467
[GeoMind CLOZE Stream] Epoch 1 | Progress:  38080 / 222371 ( 17.1%) | TL: 11.7371 | ATL: 11.9870 | VL: 12.2036 | AVL: 12.2146 | VPPL: 199503.00 | Rate: 94.2 s/s | LR: 0.000466
[GeoMind CLOZE Stream] Epoch 1 | Progress:  38976 / 222371 ( 17.5%) | TL: 11.7426 | ATL: 11.9827 | VL: 12.2022 | AVL: 12.2139 | VPPL: 199230.26 | Rate: 94.3 s/s | LR: 0.000465
[GeoMind CLOZE Stream] Epoch 1 | Progress:  39872 / 222371 ( 17.9%) | TL: 11.7413 | ATL: 11.9769 | VL: 12.2008 | AVL: 12.2131 | VPPL: 198955.83 | Rate: 94.4 s/s | LR: 0.000463
[GeoMind CLOZE Stream] Epoch 1 | Progress:  40320 / 222371 ( 18.1%) | TL: 11.7237 | ATL: 11.9704 | VL: 12.1995 | AVL: 12.2124 | VPPL: 198687.23 | Rate: 93.8 s/s | LR: 0.000462
[GeoMind CLOZE Stream] Epoch 1 | Progress:  41216 / 222371 ( 18.5%) | TL: 11.7162 | ATL: 11.9633 | VL: 12.1981 | AVL: 12.2117 | VPPL: 198417.11 | Rate: 93.5 s/s | LR: 0.000460
[GeoMind CLOZE Stream] Epoch 1 | Progress:  42112 / 222371 ( 18.9%) | TL: 11.6902 | ATL: 11.9524 | VL: 12.1968 | AVL: 12.2110 | VPPL: 198147.45 | Rate: 93.6 s/s | LR: 0.000459
[GeoMind CLOZE Stream] Epoch 1 | Progress:  42560 / 222371 ( 19.1%) | TL: 11.6802 | ATL: 11.9475 | VL: 12.1954 | AVL: 12.2102 | VPPL: 197884.36 | Rate: 93.6 s/s | LR: 0.000458
[GeoMind CLOZE Stream] Epoch 1 | Progress:  43456 / 222371 ( 19.5%) | TL: 11.6701 | ATL: 11.9399 | VL: 12.1941 | AVL: 12.2095 | VPPL: 197620.29 | Rate: 93.7 s/s | LR: 0.000456
[GeoMind CLOZE Stream] Epoch 1 | Progress:  44352 / 222371 ( 19.9%) | TL: 11.6625 | ATL: 11.9331 | VL: 12.1928 | AVL: 12.2088 | VPPL: 197355.48 | Rate: 93.8 s/s | LR: 0.000454
[GeoMind CLOZE Stream] Epoch 1 | Progress:  44800 / 222371 ( 20.1%) | TL: 11.6297 | ATL: 11.9238 | VL: 12.1914 | AVL: 12.2081 | VPPL: 197096.13 | Rate: 93.7 s/s | LR: 0.000453
[GeoMind CLOZE Stream] Epoch 1 | Progress:  45696 / 222371 ( 20.5%) | TL: 11.6300 | ATL: 11.9180 | VL: 12.1901 | AVL: 12.2074 | VPPL: 196833.39 | Rate: 93.8 s/s | LR: 0.000452
[GeoMind CLOZE Stream] Epoch 1 | Progress:  46592 / 222371 ( 21.0%) | TL: 11.6151 | ATL: 11.9096 | VL: 12.1888 | AVL: 12.2067 | VPPL: 196567.03 | Rate: 93.9 s/s | LR: 0.000450
[GeoMind CLOZE Stream] Epoch 1 | Progress:  47040 / 222371 ( 21.2%) | TL: 11.5992 | ATL: 11.9038 | VL: 12.1874 | AVL: 12.2060 | VPPL: 196306.70 | Rate: 93.9 s/s | LR: 0.000449
[GeoMind CLOZE Stream] Epoch 1 | Progress:  47936 / 222371 ( 21.6%) | TL: 11.5494 | ATL: 11.8885 | VL: 12.1861 | AVL: 12.2053 | VPPL: 196043.63 | Rate: 94.0 s/s | LR: 0.000447
[GeoMind CLOZE Stream] Epoch 1 | Progress:  48832 / 222371 ( 22.0%) | TL: 11.5516 | ATL: 11.8829 | VL: 12.1847 | AVL: 12.2046 | VPPL: 195778.78 | Rate: 94.1 s/s | LR: 0.000445
[GeoMind CLOZE Stream] Epoch 1 | Progress:  49280 / 222371 ( 22.2%) | TL: 11.5352 | ATL: 11.8769 | VL: 12.1834 | AVL: 12.2039 | VPPL: 195520.28 | Rate: 94.0 s/s | LR: 0.000444
[GeoMind CLOZE Stream] Epoch 1 | Progress:  50176 / 222371 ( 22.6%) | TL: 11.4898 | ATL: 11.8627 | VL: 12.1821 | AVL: 12.2032 | VPPL: 195262.44 | Rate: 94.1 s/s | LR: 0.000442
[GeoMind CLOZE Stream] Epoch 1 | Progress:  50624 / 222371 ( 22.8%) | TL: 11.4680 | ATL: 11.8555 | VL: 12.1808 | AVL: 12.2025 | VPPL: 195011.33 | Rate: 93.4 s/s | LR: 0.000441
[GeoMind CLOZE Stream] Epoch 1 | Progress:  51520 / 222371 ( 23.2%) | TL: 11.4341 | ATL: 11.8426 | VL: 12.1795 | AVL: 12.2018 | VPPL: 194760.10 | Rate: 93.1 s/s | LR: 0.000439
[GeoMind CLOZE Stream] Epoch 1 | Progress:  52416 / 222371 ( 23.6%) | TL: 11.4344 | ATL: 11.8357 | VL: 12.1782 | AVL: 12.2011 | VPPL: 194508.94 | Rate: 93.2 s/s | LR: 0.000437
[GeoMind CLOZE Stream] Epoch 1 | Progress:  53312 / 222371 ( 24.0%) | TL: 11.3966 | ATL: 11.8225 | VL: 12.1769 | AVL: 12.2004 | VPPL: 194259.43 | Rate: 93.3 s/s | LR: 0.000435
[GeoMind CLOZE Stream] Epoch 1 | Progress:  53760 / 222371 ( 24.2%) | TL: 11.3874 | ATL: 11.8174 | VL: 12.1757 | AVL: 12.1997 | VPPL: 194017.54 | Rate: 93.3 s/s | LR: 0.000434
[GeoMind CLOZE Stream] Epoch 1 | Progress:  54656 / 222371 ( 24.6%) | TL: 11.3890 | ATL: 11.8106 | VL: 12.1745 | AVL: 12.1991 | VPPL: 193776.86 | Rate: 93.4 s/s | LR: 0.000432
[GeoMind CLOZE Stream] Epoch 1 | Progress:  55552 / 222371 ( 25.0%) | TL: 11.3973 | ATL: 11.8051 | VL: 12.1732 | AVL: 12.1984 | VPPL: 193537.26 | Rate: 93.5 s/s | LR: 0.000429
[GeoMind CLOZE Stream] Epoch 1 | Progress:  56000 / 222371 ( 25.2%) | TL: 11.3937 | ATL: 11.8013 | VL: 12.1720 | AVL: 12.1977 | VPPL: 193304.68 | Rate: 93.5 s/s | LR: 0.000428
[GeoMind CLOZE Stream] Epoch 1 | Progress:  56896 / 222371 ( 25.6%) | TL: 11.3911 | ATL: 11.7944 | VL: 12.1708 | AVL: 12.1971 | VPPL: 193073.49 | Rate: 93.6 s/s | LR: 0.000426
[GeoMind CLOZE Stream] Epoch 1 | Progress:  57792 / 222371 ( 26.0%) | TL: 11.3715 | ATL: 11.7850 | VL: 12.1696 | AVL: 12.1964 | VPPL: 192843.61 | Rate: 93.7 s/s | LR: 0.000424
[GeoMind CLOZE Stream] Epoch 1 | Progress:  58240 / 222371 ( 26.2%) | TL: 11.3945 | ATL: 11.7854 | VL: 12.1685 | AVL: 12.1958 | VPPL: 192619.68 | Rate: 93.7 s/s | LR: 0.000423
[GeoMind CLOZE Stream] Epoch 1 | Progress:  59136 / 222371 ( 26.6%) | TL: 11.3716 | ATL: 11.7757 | VL: 12.1673 | AVL: 12.1952 | VPPL: 192395.19 | Rate: 93.8 s/s | LR: 0.000421
[GeoMind CLOZE Stream] Epoch 1 | Progress:  60032 / 222371 ( 27.0%) | TL: 11.3463 | ATL: 11.7659 | VL: 12.1661 | AVL: 12.1945 | VPPL: 192170.40 | Rate: 93.8 s/s | LR: 0.000418
[GeoMind CLOZE Stream] Epoch 1 | Progress:  60480 / 222371 ( 27.2%) | TL: 11.3364 | ATL: 11.7613 | VL: 12.1650 | AVL: 12.1939 | VPPL: 191951.77 | Rate: 93.5 s/s | LR: 0.000417
[GeoMind CLOZE Stream] Epoch 1 | Progress:  61376 / 222371 ( 27.6%) | TL: 11.3151 | ATL: 11.7519 | VL: 12.1639 | AVL: 12.1933 | VPPL: 191734.58 | Rate: 93.6 s/s | LR: 0.000415
[GeoMind CLOZE Stream] Epoch 1 | Progress:  62272 / 222371 ( 28.0%) | TL: 11.2896 | ATL: 11.7417 | VL: 12.1627 | AVL: 12.1926 | VPPL: 191518.10 | Rate: 93.6 s/s | LR: 0.000412
[GeoMind CLOZE Stream] Epoch 1 | Progress:  62720 / 222371 ( 28.2%) | TL: 11.2798 | ATL: 11.7371 | VL: 12.1616 | AVL: 12.1920 | VPPL: 191307.74 | Rate: 93.6 s/s | LR: 0.000411
[GeoMind CLOZE Stream] Epoch 1 | Progress:  63616 / 222371 ( 28.6%) | TL: 11.2918 | ATL: 11.7325 | VL: 12.1605 | AVL: 12.1914 | VPPL: 191098.97 | Rate: 93.7 s/s | LR: 0.000409
[GeoMind CLOZE Stream] Epoch 1 | Progress:  64512 / 222371 ( 29.0%) | TL: 11.2611 | ATL: 11.7220 | VL: 12.1595 | AVL: 12.1908 | VPPL: 190891.94 | Rate: 93.4 s/s | LR: 0.000406
[GeoMind CLOZE Stream] Epoch 1 | Progress:  64960 / 222371 ( 29.2%) | TL: 11.2662 | ATL: 11.7196 | VL: 12.1584 | AVL: 12.1902 | VPPL: 190691.28 | Rate: 93.4 s/s | LR: 0.000405
[GeoMind CLOZE Stream] Epoch 1 | Progress:  65856 / 222371 ( 29.6%) | TL: 11.2416 | ATL: 11.7100 | VL: 12.1574 | AVL: 12.1896 | VPPL: 190493.02 | Rate: 93.5 s/s | LR: 0.000403
[GeoMind CLOZE Stream] Epoch 1 | Progress:  66752 / 222371 ( 30.0%) | TL: 11.2094 | ATL: 11.6992 | VL: 12.1563 | AVL: 12.1890 | VPPL: 190296.82 | Rate: 93.5 s/s | LR: 0.000400
[GeoMind CLOZE Stream] Epoch 1 | Progress:  67200 / 222371 ( 30.2%) | TL: 11.1955 | ATL: 11.6941 | VL: 12.1553 | AVL: 12.1884 | VPPL: 190106.77 | Rate: 93.5 s/s | LR: 0.000399
[GeoMind CLOZE Stream] Epoch 1 | Progress:  68096 / 222371 ( 30.6%) | TL: 11.1766 | ATL: 11.6851 | VL: 12.1543 | AVL: 12.1878 | VPPL: 189918.26 | Rate: 93.6 s/s | LR: 0.000396
[GeoMind CLOZE Stream] Epoch 1 | Progress:  68992 / 222371 ( 31.0%) | TL: 11.1351 | ATL: 11.6730 | VL: 12.1534 | AVL: 12.1873 | VPPL: 189730.72 | Rate: 93.7 s/s | LR: 0.000394
[GeoMind CLOZE Stream] Epoch 1 | Progress:  69440 / 222371 ( 31.2%) | TL: 11.1241 | ATL: 11.6681 | VL: 12.1524 | AVL: 12.1867 | VPPL: 189547.56 | Rate: 93.6 s/s | LR: 0.000393
[GeoMind CLOZE Stream] Epoch 1 | Progress:  70336 / 222371 ( 31.6%) | TL: 11.0705 | ATL: 11.6542 | VL: 12.1514 | AVL: 12.1861 | VPPL: 189362.25 | Rate: 93.7 s/s | LR: 0.000390
[GeoMind CLOZE Stream] Epoch 1 | Progress:  71232 / 222371 ( 32.0%) | TL: 11.0601 | ATL: 11.6456 | VL: 12.1504 | AVL: 12.1855 | VPPL: 189176.48 | Rate: 93.5 s/s | LR: 0.000387
[GeoMind CLOZE Stream] Epoch 1 | Progress:  71680 / 222371 ( 32.2%) | TL: 11.0634 | ATL: 11.6423 | VL: 12.1495 | AVL: 12.1850 | VPPL: 188995.05 | Rate: 93.5 s/s | LR: 0.000386
[GeoMind CLOZE Stream] Epoch 1 | Progress:  72576 / 222371 ( 32.6%) | TL: 11.0620 | ATL: 11.6349 | VL: 12.1485 | AVL: 12.1844 | VPPL: 188812.84 | Rate: 93.6 s/s | LR: 0.000383
[GeoMind CLOZE Stream] Epoch 1 | Progress:  73472 / 222371 ( 33.0%) | TL: 11.0390 | ATL: 11.6251 | VL: 12.1475 | AVL: 12.1838 | VPPL: 188631.08 | Rate: 93.6 s/s | LR: 0.000381
[GeoMind CLOZE Stream] Epoch 1 | Progress:  73920 / 222371 ( 33.2%) | TL: 11.0256 | ATL: 11.6199 | VL: 12.1466 | AVL: 12.1833 | VPPL: 188454.21 | Rate: 93.6 s/s | LR: 0.000379
[GeoMind CLOZE Stream] Epoch 1 | Progress:  74816 / 222371 ( 33.6%) | TL: 11.0314 | ATL: 11.6136 | VL: 12.1457 | AVL: 12.1827 | VPPL: 188278.58 | Rate: 93.7 s/s | LR: 0.000377
[GeoMind CLOZE Stream] Epoch 1 | Progress:  75712 / 222371 ( 34.0%) | TL: 11.0096 | ATL: 11.6040 | VL: 12.1447 | AVL: 12.1822 | VPPL: 188101.28 | Rate: 93.7 s/s | LR: 0.000374
[GeoMind CLOZE Stream] Epoch 1 | Progress:  76160 / 222371 ( 34.2%) | TL: 10.9987 | ATL: 11.5993 | VL: 12.1438 | AVL: 12.1816 | VPPL: 187927.76 | Rate: 93.5 s/s | LR: 0.000373
[GeoMind CLOZE Stream] Epoch 1 | Progress:  77056 / 222371 ( 34.7%) | TL: 10.9859 | ATL: 11.5908 | VL: 12.1429 | AVL: 12.1811 | VPPL: 187752.47 | Rate: 93.6 s/s | LR: 0.000370
[GeoMind CLOZE Stream] Epoch 1 | Progress:  77952 / 222371 ( 35.1%) | TL: 10.9551 | ATL: 11.5802 | VL: 12.1419 | AVL: 12.1805 | VPPL: 187574.81 | Rate: 93.6 s/s | LR: 0.000367
[GeoMind CLOZE Stream] Epoch 1 | Progress:  78400 / 222371 ( 35.3%) | TL: 10.9655 | ATL: 11.5778 | VL: 12.1410 | AVL: 12.1800 | VPPL: 187401.62 | Rate: 93.6 s/s | LR: 0.000366
[GeoMind CLOZE Stream] Epoch 1 | Progress:  79296 / 222371 ( 35.7%) | TL: 10.9536 | ATL: 11.5695 | VL: 12.1401 | AVL: 12.1794 | VPPL: 187228.97 | Rate: 93.7 s/s | LR: 0.000363
[GeoMind CLOZE Stream] Epoch 1 | Progress:  80192 / 222371 ( 36.1%) | TL: 10.9554 | ATL: 11.5629 | VL: 12.1392 | AVL: 12.1789 | VPPL: 187056.62 | Rate: 93.5 s/s | LR: 0.000360
[GeoMind CLOZE Stream] Epoch 1 | Progress:  80640 / 222371 ( 36.3%) | TL: 10.9558 | ATL: 11.5596 | VL: 12.1383 | AVL: 12.1784 | VPPL: 186889.05 | Rate: 93.3 s/s | LR: 0.000359
[GeoMind CLOZE Stream] Epoch 1 | Progress:  81536 / 222371 ( 36.7%) | TL: 10.9387 | ATL: 11.5510 | VL: 12.1374 | AVL: 12.1778 | VPPL: 186721.63 | Rate: 93.3 s/s | LR: 0.000356
[GeoMind CLOZE Stream] Epoch 1 | Progress:  82432 / 222371 ( 37.1%) | TL: 10.9271 | ATL: 11.5431 | VL: 12.1365 | AVL: 12.1773 | VPPL: 186554.57 | Rate: 93.4 s/s | LR: 0.000353
[GeoMind CLOZE Stream] Epoch 1 | Progress:  82880 / 222371 ( 37.3%) | TL: 10.9114 | ATL: 11.5380 | VL: 12.1356 | AVL: 12.1768 | VPPL: 186391.80 | Rate: 93.4 s/s | LR: 0.000352
[GeoMind CLOZE Stream] Epoch 1 | Progress:  83776 / 222371 ( 37.7%) | TL: 10.9344 | ATL: 11.5339 | VL: 12.1347 | AVL: 12.1763 | VPPL: 186230.63 | Rate: 93.4 s/s | LR: 0.000349
[GeoMind CLOZE Stream] Epoch 1 | Progress:  84672 / 222371 ( 38.1%) | TL: 10.9212 | ATL: 11.5261 | VL: 12.1339 | AVL: 12.1757 | VPPL: 186071.40 | Rate: 93.5 s/s | LR: 0.000346
[GeoMind CLOZE Stream] Epoch 1 | Progress:  85120 / 222371 ( 38.3%) | TL: 10.8988 | ATL: 11.5206 | VL: 12.1331 | AVL: 12.1752 | VPPL: 185917.88 | Rate: 93.5 s/s | LR: 0.000345
[GeoMind CLOZE Stream] Epoch 1 | Progress:  86016 / 222371 ( 38.7%) | TL: 10.8419 | ATL: 11.5081 | VL: 12.1323 | AVL: 12.1747 | VPPL: 185769.14 | Rate: 93.5 s/s | LR: 0.000342
[GeoMind CLOZE Stream] Epoch 1 | Progress:  86912 / 222371 ( 39.1%) | TL: 10.8286 | ATL: 11.4998 | VL: 12.1315 | AVL: 12.1742 | VPPL: 185625.40 | Rate: 93.6 s/s | LR: 0.000339
[GeoMind CLOZE Stream] Epoch 1 | Progress:  87360 / 222371 ( 39.3%) | TL: 10.8334 | ATL: 11.4968 | VL: 12.1307 | AVL: 12.1737 | VPPL: 185488.17 | Rate: 93.6 s/s | LR: 0.000337
[GeoMind CLOZE Stream] Epoch 1 | Progress:  88256 / 222371 ( 39.7%) | TL: 10.8188 | ATL: 11.4886 | VL: 12.1300 | AVL: 12.1733 | VPPL: 185356.84 | Rate: 93.6 s/s | LR: 0.000334
[GeoMind CLOZE Stream] Epoch 1 | Progress:  89152 / 222371 ( 40.1%) | TL: 10.8214 | ATL: 11.4820 | VL: 12.1294 | AVL: 12.1728 | VPPL: 185231.58 | Rate: 93.7 s/s | LR: 0.000332
[GeoMind CLOZE Stream] Epoch 1 | Progress:  89600 / 222371 ( 40.3%) | TL: 10.8198 | ATL: 11.4786 | VL: 12.1287 | AVL: 12.1723 | VPPL: 185112.81 | Rate: 93.7 s/s | LR: 0.000330
[GeoMind CLOZE Stream] Epoch 1 | Progress:  90496 / 222371 ( 40.7%) | TL: 10.8240 | ATL: 11.4725 | VL: 12.1281 | AVL: 12.1718 | VPPL: 184999.42 | Rate: 93.7 s/s | LR: 0.000327
[GeoMind CLOZE Stream] Epoch 1 | Progress:  91392 / 222371 ( 41.1%) | TL: 10.7717 | ATL: 11.4609 | VL: 12.1275 | AVL: 12.1714 | VPPL: 184890.78 | Rate: 93.8 s/s | LR: 0.000324
[GeoMind CLOZE Stream] Epoch 1 | Progress:  91840 / 222371 ( 41.3%) | TL: 10.7494 | ATL: 11.4554 | VL: 12.1270 | AVL: 12.1709 | VPPL: 184787.69 | Rate: 93.8 s/s | LR: 0.000323
[GeoMind CLOZE Stream] Epoch 1 | Progress:  92736 / 222371 ( 41.7%) | TL: 10.7286 | ATL: 11.4465 | VL: 12.1264 | AVL: 12.1705 | VPPL: 184689.42 | Rate: 93.6 s/s | LR: 0.000320
[GeoMind CLOZE Stream] Epoch 1 | Progress:  93632 / 222371 ( 42.1%) | TL: 10.6986 | ATL: 11.4367 | VL: 12.1259 | AVL: 12.1701 | VPPL: 184595.14 | Rate: 93.6 s/s | LR: 0.000317
[GeoMind CLOZE Stream] Epoch 1 | Progress:  94080 / 222371 ( 42.3%) | TL: 10.6977 | ATL: 11.4331 | VL: 12.1254 | AVL: 12.1696 | VPPL: 184504.57 | Rate: 93.6 s/s | LR: 0.000315
[GeoMind CLOZE Stream] Epoch 1 | Progress:  94976 / 222371 ( 42.7%) | TL: 10.6557 | ATL: 11.4221 | VL: 12.1250 | AVL: 12.1692 | VPPL: 184417.46 | Rate: 93.7 s/s | LR: 0.000312
[GeoMind CLOZE Stream] Epoch 1 | Progress:  95872 / 222371 ( 43.1%) | TL: 10.6985 | ATL: 11.4191 | VL: 12.1245 | AVL: 12.1688 | VPPL: 184336.62 | Rate: 93.8 s/s | LR: 0.000309
[GeoMind CLOZE Stream] Epoch 1 | Progress:  96320 / 222371 ( 43.3%) | TL: 10.6922 | ATL: 11.4152 | VL: 12.1241 | AVL: 12.1684 | VPPL: 184261.41 | Rate: 93.7 s/s | LR: 0.000308
[GeoMind CLOZE Stream] Epoch 1 | Progress:  97216 / 222371 ( 43.7%) | TL: 10.6843 | ATL: 11.4078 | VL: 12.1237 | AVL: 12.1680 | VPPL: 184193.55 | Rate: 93.8 s/s | LR: 0.000305
[GeoMind CLOZE Stream] Epoch 1 | Progress:  98112 / 222371 ( 44.1%) | TL: 10.6968 | ATL: 11.4023 | VL: 12.1234 | AVL: 12.1676 | VPPL: 184133.29 | Rate: 93.8 s/s | LR: 0.000302
[GeoMind CLOZE Stream] Epoch 1 | Progress:  98560 / 222371 ( 44.3%) | TL: 10.7064 | ATL: 11.4000 | VL: 12.1231 | AVL: 12.1672 | VPPL: 184079.12 | Rate: 93.8 s/s | LR: 0.000300
[GeoMind CLOZE Stream] Epoch 1 | Progress:  99456 / 222371 ( 44.7%) | TL: 10.7088 | ATL: 11.3941 | VL: 12.1229 | AVL: 12.1669 | VPPL: 184034.15 | Rate: 93.9 s/s | LR: 0.000297
[GeoMind CLOZE Stream] Epoch 1 | Progress: 100352 / 222371 ( 45.1%) | TL: 10.6738 | ATL: 11.3848 | VL: 12.1227 | AVL: 12.1665 | VPPL: 183998.08 | Rate: 93.9 s/s | LR: 0.000294
[GeoMind CLOZE Stream] Epoch 1 | Progress: 100800 / 222371 ( 45.3%) | TL: 10.6759 | ATL: 11.3818 | VL: 12.1225 | AVL: 12.1662 | VPPL: 183967.52 | Rate: 93.6 s/s | LR: 0.000292
[GeoMind CLOZE Stream] Epoch 1 | Progress: 101696 / 222371 ( 45.7%) | TL: 10.7113 | ATL: 11.3787 | VL: 12.1224 | AVL: 12.1658 | VPPL: 183945.44 | Rate: 93.6 s/s | LR: 0.000289
[GeoMind CLOZE Stream] Epoch 1 | Progress: 102592 / 222371 ( 46.1%) | TL: 10.6794 | ATL: 11.3700 | VL: 12.1223 | AVL: 12.1655 | VPPL: 183931.46 | Rate: 93.6 s/s | LR: 0.000286
[GeoMind CLOZE Stream] Epoch 1 | Progress: 103040 / 222371 ( 46.3%) | TL: 10.6859 | ATL: 11.3676 | VL: 12.1223 | AVL: 12.1652 | VPPL: 183920.75 | Rate: 93.6 s/s | LR: 0.000285
[GeoMind CLOZE Stream] Epoch 1 | Progress: 103936 / 222371 ( 46.7%) | TL: 10.7512 | ATL: 11.3675 | VL: 12.1222 | AVL: 12.1649 | VPPL: 183917.57 | Rate: 93.7 s/s | LR: 0.000282
[GeoMind CLOZE Stream] Epoch 1 | Progress: 104832 / 222371 ( 47.1%) | TL: 10.7417 | ATL: 11.3613 | VL: 12.1223 | AVL: 12.1646 | VPPL: 183920.56 | Rate: 93.7 s/s | LR: 0.000279
[GeoMind CLOZE Stream] Epoch 1 | Progress: 105280 / 222371 ( 47.3%) | TL: 10.7529 | ATL: 11.3596 | VL: 12.1223 | AVL: 12.1643 | VPPL: 183926.21 | Rate: 93.7 s/s | LR: 0.000277
[GeoMind CLOZE Stream] Epoch 1 | Progress: 106176 / 222371 ( 47.7%) | TL: 10.7218 | ATL: 11.3519 | VL: 12.1224 | AVL: 12.1640 | VPPL: 183938.95 | Rate: 93.7 s/s | LR: 0.000274
[GeoMind CLOZE Stream] Epoch 1 | Progress: 107072 / 222371 ( 48.2%) | TL: 10.6866 | ATL: 11.3436 | VL: 12.1225 | AVL: 12.1637 | VPPL: 183960.59 | Rate: 93.8 s/s | LR: 0.000271
[GeoMind CLOZE Stream] Epoch 1 | Progress: 107520 / 222371 ( 48.4%) | TL: 10.6741 | ATL: 11.3398 | VL: 12.1226 | AVL: 12.1634 | VPPL: 183987.18 | Rate: 93.8 s/s | LR: 0.000269
[GeoMind CLOZE Stream] Epoch 1 | Progress: 108416 / 222371 ( 48.8%) | TL: 10.6346 | ATL: 11.3309 | VL: 12.1228 | AVL: 12.1632 | VPPL: 184024.51 | Rate: 93.8 s/s | LR: 0.000266
[GeoMind CLOZE Stream] Epoch 1 | Progress: 109312 / 222371 ( 49.2%) | TL: 10.6652 | ATL: 11.3278 | VL: 12.1231 | AVL: 12.1629 | VPPL: 184072.60 | Rate: 93.9 s/s | LR: 0.000263
[GeoMind CLOZE Stream] Epoch 1 | Progress: 109760 / 222371 ( 49.4%) | TL: 10.6551 | ATL: 11.3243 | VL: 12.1234 | AVL: 12.1627 | VPPL: 184124.41 | Rate: 93.9 s/s | LR: 0.000261
[GeoMind CLOZE Stream] Epoch 1 | Progress: 110656 / 222371 ( 49.8%) | TL: 10.6266 | ATL: 11.3166 | VL: 12.1237 | AVL: 12.1625 | VPPL: 184185.18 | Rate: 93.9 s/s | LR: 0.000258
[GeoMind CLOZE Stream] Epoch 1 | Progress: 111552 / 222371 ( 50.2%) | TL: 10.6283 | ATL: 11.3112 | VL: 12.1241 | AVL: 12.1623 | VPPL: 184255.44 | Rate: 93.9 s/s | LR: 0.000255
[GeoMind CLOZE Stream] Epoch 1 | Progress: 112000 / 222371 ( 50.4%) | TL: 10.6179 | ATL: 11.3077 | VL: 12.1245 | AVL: 12.1621 | VPPL: 184328.48 | Rate: 93.9 s/s | LR: 0.000254
[GeoMind CLOZE Stream] Epoch 1 | Progress: 112896 / 222371 ( 50.8%) | TL: 10.5653 | ATL: 11.2979 | VL: 12.1249 | AVL: 12.1619 | VPPL: 184409.12 | Rate: 93.8 s/s | LR: 0.000251
[GeoMind CLOZE Stream] Epoch 1 | Progress: 113792 / 222371 ( 51.2%) | TL: 10.5576 | ATL: 11.2915 | VL: 12.1254 | AVL: 12.1617 | VPPL: 184497.63 | Rate: 93.8 s/s | LR: 0.000248
[GeoMind CLOZE Stream] Epoch 1 | Progress: 114240 / 222371 ( 51.4%) | TL: 10.5485 | ATL: 11.2879 | VL: 12.1259 | AVL: 12.1615 | VPPL: 184587.33 | Rate: 93.8 s/s | LR: 0.000246
[GeoMind CLOZE Stream] Epoch 1 | Progress: 115136 / 222371 ( 51.8%) | TL: 10.5221 | ATL: 11.2801 | VL: 12.1264 | AVL: 12.1614 | VPPL: 184683.19 | Rate: 93.8 s/s | LR: 0.000243
[GeoMind CLOZE Stream] Epoch 1 | Progress: 116032 / 222371 ( 52.2%) | TL: 10.5027 | ATL: 11.2727 | VL: 12.1270 | AVL: 12.1612 | VPPL: 184787.20 | Rate: 93.8 s/s | LR: 0.000240
[GeoMind CLOZE Stream] Epoch 1 | Progress: 116480 / 222371 ( 52.4%) | TL: 10.5060 | ATL: 11.2700 | VL: 12.1275 | AVL: 12.1611 | VPPL: 184892.63 | Rate: 93.8 s/s | LR: 0.000238
[GeoMind CLOZE Stream] Epoch 1 | Progress: 117376 / 222371 ( 52.8%) | TL: 10.4840 | ATL: 11.2625 | VL: 12.1281 | AVL: 12.1609 | VPPL: 185005.99 | Rate: 93.9 s/s | LR: 0.000235
[GeoMind CLOZE Stream] Epoch 1 | Progress: 118272 / 222371 ( 53.2%) | TL: 10.4875 | ATL: 11.2569 | VL: 12.1288 | AVL: 12.1608 | VPPL: 185128.28 | Rate: 93.9 s/s | LR: 0.000232
[GeoMind CLOZE Stream] Epoch 1 | Progress: 118720 / 222371 ( 53.4%) | TL: 10.4996 | ATL: 11.2550 | VL: 12.1295 | AVL: 12.1607 | VPPL: 185252.63 | Rate: 93.9 s/s | LR: 0.000231
[GeoMind CLOZE Stream] Epoch 1 | Progress: 119616 / 222371 ( 53.8%) | TL: 10.4955 | ATL: 11.2490 | VL: 12.1302 | AVL: 12.1606 | VPPL: 185387.60 | Rate: 93.9 s/s | LR: 0.000227
[GeoMind CLOZE Stream] Epoch 1 | Progress: 120512 / 222371 ( 54.2%) | TL: 10.4784 | ATL: 11.2422 | VL: 12.1310 | AVL: 12.1605 | VPPL: 185534.31 | Rate: 94.0 s/s | LR: 0.000224
[GeoMind CLOZE Stream] Epoch 1 | Progress: 120960 / 222371 ( 54.4%) | TL: 10.4785 | ATL: 11.2393 | VL: 12.1318 | AVL: 12.1604 | VPPL: 185682.85 | Rate: 93.9 s/s | LR: 0.000223
[GeoMind CLOZE Stream] Epoch 1 | Progress: 121856 / 222371 ( 54.8%) | TL: 10.4789 | ATL: 11.2338 | VL: 12.1327 | AVL: 12.1603 | VPPL: 185843.56 | Rate: 94.0 s/s | LR: 0.000220
[GeoMind CLOZE Stream] Epoch 1 | Progress: 122752 / 222371 ( 55.2%) | TL: 10.4807 | ATL: 11.2284 | VL: 12.1336 | AVL: 12.1603 | VPPL: 186014.96 | Rate: 94.0 s/s | LR: 0.000217
[GeoMind CLOZE Stream] Epoch 1 | Progress: 123200 / 222371 ( 55.4%) | TL: 10.4523 | ATL: 11.2236 | VL: 12.1345 | AVL: 12.1602 | VPPL: 186187.11 | Rate: 94.0 s/s | LR: 0.000215
[GeoMind CLOZE Stream] Epoch 1 | Progress: 124096 / 222371 ( 55.8%) | TL: 10.4452 | ATL: 11.2176 | VL: 12.1355 | AVL: 12.1602 | VPPL: 186369.56 | Rate: 94.0 s/s | LR: 0.000212
[GeoMind CLOZE Stream] Epoch 1 | Progress: 124992 / 222371 ( 56.2%) | TL: 10.4178 | ATL: 11.2100 | VL: 12.1365 | AVL: 12.1602 | VPPL: 186561.39 | Rate: 93.9 s/s | LR: 0.000209
[GeoMind CLOZE Stream] Epoch 1 | Progress: 125440 / 222371 ( 56.4%) | TL: 10.4309 | ATL: 11.2081 | VL: 12.1375 | AVL: 12.1602 | VPPL: 186752.57 | Rate: 93.9 s/s | LR: 0.000208
[GeoMind CLOZE Stream] Epoch 1 | Progress: 126336 / 222371 ( 56.8%) | TL: 10.4643 | ATL: 11.2051 | VL: 12.1386 | AVL: 12.1601 | VPPL: 186952.11 | Rate: 93.8 s/s | LR: 0.000204
[GeoMind CLOZE Stream] Epoch 1 | Progress: 127232 / 222371 ( 57.2%) | TL: 10.4520 | ATL: 11.1990 | VL: 12.1397 | AVL: 12.1602 | VPPL: 187159.76 | Rate: 93.8 s/s | LR: 0.000201
[GeoMind CLOZE Stream] Epoch 1 | Progress: 127680 / 222371 ( 57.4%) | TL: 10.4565 | ATL: 11.1967 | VL: 12.1408 | AVL: 12.1602 | VPPL: 187365.47 | Rate: 93.8 s/s | LR: 0.000200
[GeoMind CLOZE Stream] Epoch 1 | Progress: 128576 / 222371 ( 57.8%) | TL: 10.4417 | ATL: 11.1905 | VL: 12.1419 | AVL: 12.1602 | VPPL: 187577.88 | Rate: 93.9 s/s | LR: 0.000197
[GeoMind CLOZE Stream] Epoch 1 | Progress: 129472 / 222371 ( 58.2%) | TL: 10.4455 | ATL: 11.1856 | VL: 12.1431 | AVL: 12.1602 | VPPL: 187795.91 | Rate: 93.9 s/s | LR: 0.000194
[GeoMind CLOZE Stream] Epoch 1 | Progress: 129920 / 222371 ( 58.4%) | TL: 10.4517 | ATL: 11.1835 | VL: 12.1443 | AVL: 12.1602 | VPPL: 188011.17 | Rate: 93.9 s/s | LR: 0.000192
[GeoMind CLOZE Stream] Epoch 1 | Progress: 130816 / 222371 ( 58.8%) | TL: 10.4283 | ATL: 11.1769 | VL: 12.1454 | AVL: 12.1603 | VPPL: 188231.85 | Rate: 93.9 s/s | LR: 0.000189
[GeoMind CLOZE Stream] Epoch 1 | Progress: 131712 / 222371 ( 59.2%) | TL: 10.4309 | ATL: 11.1719 | VL: 12.1466 | AVL: 12.1603 | VPPL: 188458.42 | Rate: 93.9 s/s | LR: 0.000186
[GeoMind CLOZE Stream] Epoch 1 | Progress: 132160 / 222371 ( 59.4%) | TL: 10.4336 | ATL: 11.1696 | VL: 12.1478 | AVL: 12.1604 | VPPL: 188681.71 | Rate: 93.9 s/s | LR: 0.000185
[GeoMind CLOZE Stream] Epoch 1 | Progress: 133056 / 222371 ( 59.8%) | TL: 10.4194 | ATL: 11.1637 | VL: 12.1490 | AVL: 12.1605 | VPPL: 188909.46 | Rate: 93.9 s/s | LR: 0.000182
[GeoMind CLOZE Stream] Epoch 1 | Progress: 133952 / 222371 ( 60.2%) | TL: 10.3980 | ATL: 11.1572 | VL: 12.1503 | AVL: 12.1605 | VPPL: 189141.59 | Rate: 94.0 s/s | LR: 0.000179
[GeoMind CLOZE Stream] Epoch 1 | Progress: 134400 / 222371 ( 60.4%) | TL: 10.4016 | ATL: 11.1549 | VL: 12.1515 | AVL: 12.1606 | VPPL: 189370.03 | Rate: 94.0 s/s | LR: 0.000178
[GeoMind CLOZE Stream] Epoch 1 | Progress: 135296 / 222371 ( 60.8%) | TL: 10.4212 | ATL: 11.1512 | VL: 12.1527 | AVL: 12.1607 | VPPL: 189603.03 | Rate: 94.0 s/s | LR: 0.000175
[GeoMind CLOZE Stream] Epoch 1 | Progress: 136192 / 222371 ( 61.2%) | TL: 10.3734 | ATL: 11.1431 | VL: 12.1539 | AVL: 12.1608 | VPPL: 189840.77 | Rate: 94.0 s/s | LR: 0.000172
[GeoMind CLOZE Stream] Epoch 1 | Progress: 136640 / 222371 ( 61.4%) | TL: 10.3594 | ATL: 11.1397 | VL: 12.1552 | AVL: 12.1609 | VPPL: 190073.84 | Rate: 93.9 s/s | LR: 0.000170
[GeoMind CLOZE Stream] Epoch 1 | Progress: 137536 / 222371 ( 61.8%) | TL: 10.3860 | ATL: 11.1363 | VL: 12.1564 | AVL: 12.1610 | VPPL: 190309.17 | Rate: 93.9 s/s | LR: 0.000167
[GeoMind CLOZE Stream] Epoch 1 | Progress: 138432 / 222371 ( 62.3%) | TL: 10.4116 | ATL: 11.1332 | VL: 12.1577 | AVL: 12.1611 | VPPL: 190546.76 | Rate: 93.9 s/s | LR: 0.000164
[GeoMind CLOZE Stream] Epoch 1 | Progress: 138880 / 222371 ( 62.5%) | TL: 10.4273 | ATL: 11.1318 | VL: 12.1589 | AVL: 12.1612 | VPPL: 190779.57 | Rate: 93.9 s/s | LR: 0.000163
[GeoMind CLOZE Stream] Epoch 1 | Progress: 139776 / 222371 ( 62.9%) | TL: 10.4406 | ATL: 11.1282 | VL: 12.1601 | AVL: 12.1613 | VPPL: 191014.01 | Rate: 93.9 s/s | LR: 0.000160
[GeoMind CLOZE Stream] Epoch 1 | Progress: 140672 / 222371 ( 63.3%) | TL: 10.4468 | ATL: 11.1242 | VL: 12.1613 | AVL: 12.1615 | VPPL: 191249.37 | Rate: 94.0 s/s | LR: 0.000157
[GeoMind CLOZE Stream] Epoch 1 | Progress: 141120 / 222371 ( 63.5%) | TL: 10.4531 | ATL: 11.1225 | VL: 12.1625 | AVL: 12.1616 | VPPL: 191478.72 | Rate: 94.0 s/s | LR: 0.000156
[GeoMind CLOZE Stream] Epoch 1 | Progress: 142016 / 222371 ( 63.9%) | TL: 10.4684 | ATL: 11.1192 | VL: 12.1637 | AVL: 12.1617 | VPPL: 191708.10 | Rate: 94.0 s/s | LR: 0.000153
[GeoMind CLOZE Stream] Epoch 1 | Progress: 142912 / 222371 ( 64.3%) | TL: 10.4439 | ATL: 11.1135 | VL: 12.1649 | AVL: 12.1618 | VPPL: 191936.00 | Rate: 94.0 s/s | LR: 0.000150
[GeoMind CLOZE Stream] Epoch 1 | Progress: 143360 / 222371 ( 64.5%) | TL: 10.4378 | ATL: 11.1110 | VL: 12.1661 | AVL: 12.1620 | VPPL: 192157.33 | Rate: 94.0 s/s | LR: 0.000149
[GeoMind CLOZE Stream] Epoch 1 | Progress: 144256 / 222371 ( 64.9%) | TL: 10.4080 | ATL: 11.1050 | VL: 12.1672 | AVL: 12.1621 | VPPL: 192376.39 | Rate: 94.0 s/s | LR: 0.000146
[GeoMind CLOZE Stream] Epoch 1 | Progress: 145152 / 222371 ( 65.3%) | TL: 10.4159 | ATL: 11.1011 | VL: 12.1683 | AVL: 12.1623 | VPPL: 192593.43 | Rate: 94.0 s/s | LR: 0.000143
[GeoMind CLOZE Stream] Epoch 1 | Progress: 145600 / 222371 ( 65.5%) | TL: 10.4154 | ATL: 11.0990 | VL: 12.1694 | AVL: 12.1624 | VPPL: 192804.10 | Rate: 94.0 s/s | LR: 0.000142
[GeoMind CLOZE Stream] Epoch 1 | Progress: 146496 / 222371 ( 65.9%) | TL: 10.3861 | ATL: 11.0930 | VL: 12.1705 | AVL: 12.1626 | VPPL: 193013.41 | Rate: 94.1 s/s | LR: 0.000139
[GeoMind CLOZE Stream] Epoch 1 | Progress: 147392 / 222371 ( 66.3%) | TL: 10.3561 | ATL: 11.0869 | VL: 12.1716 | AVL: 12.1627 | VPPL: 193221.61 | Rate: 94.1 s/s | LR: 0.000136
[GeoMind CLOZE Stream] Epoch 1 | Progress: 147840 / 222371 ( 66.5%) | TL: 10.3772 | ATL: 11.0860 | VL: 12.1726 | AVL: 12.1629 | VPPL: 193423.76 | Rate: 94.1 s/s | LR: 0.000135
[GeoMind CLOZE Stream] Epoch 1 | Progress: 148736 / 222371 ( 66.9%) | TL: 10.3462 | ATL: 11.0798 | VL: 12.1737 | AVL: 12.1630 | VPPL: 193624.81 | Rate: 93.9 s/s | LR: 0.000132
[GeoMind CLOZE Stream] Epoch 1 | Progress: 149632 / 222371 ( 67.3%) | TL: 10.3555 | ATL: 11.0759 | VL: 12.1747 | AVL: 12.1632 | VPPL: 193825.75 | Rate: 94.0 s/s | LR: 0.000130
[GeoMind CLOZE Stream] Epoch 1 | Progress: 150080 / 222371 ( 67.5%) | TL: 10.3445 | ATL: 11.0731 | VL: 12.1757 | AVL: 12.1633 | VPPL: 194021.34 | Rate: 94.0 s/s | LR: 0.000128
[GeoMind CLOZE Stream] Epoch 1 | Progress: 150528 / 222371 ( 67.7%) | TL: 10.3318 | ATL: 11.0702 | VL: 12.1767 | AVL: 12.1635 | VPPL: 194211.04 | Rate: 93.7 s/s | LR: 0.000127
[GeoMind CLOZE Stream] Epoch 1 | Progress: 151424 / 222371 ( 68.1%) | TL: 10.3436 | ATL: 11.0666 | VL: 12.1777 | AVL: 12.1636 | VPPL: 194398.46 | Rate: 93.7 s/s | LR: 0.000124
[GeoMind CLOZE Stream] Epoch 1 | Progress: 152320 / 222371 ( 68.5%) | TL: 10.3519 | ATL: 11.0628 | VL: 12.1786 | AVL: 12.1638 | VPPL: 194582.48 | Rate: 93.8 s/s | LR: 0.000122
[GeoMind CLOZE Stream] Epoch 1 | Progress: 153216 / 222371 ( 68.9%) | TL: 10.3324 | ATL: 11.0575 | VL: 12.1795 | AVL: 12.1640 | VPPL: 194762.35 | Rate: 93.8 s/s | LR: 0.000119
[GeoMind CLOZE Stream] Epoch 1 | Progress: 154112 / 222371 ( 69.3%) | TL: 10.3297 | ATL: 11.0531 | VL: 12.1804 | AVL: 12.1641 | VPPL: 194938.84 | Rate: 93.8 s/s | LR: 0.000117
[GeoMind CLOZE Stream] Epoch 1 | Progress: 154560 / 222371 ( 69.5%) | TL: 10.3424 | ATL: 11.0518 | VL: 12.1813 | AVL: 12.1643 | VPPL: 195109.42 | Rate: 93.8 s/s | LR: 0.000115
[GeoMind CLOZE Stream] Epoch 1 | Progress: 155456 / 222371 ( 69.9%) | TL: 10.3521 | ATL: 11.0482 | VL: 12.1822 | AVL: 12.1645 | VPPL: 195277.45 | Rate: 93.8 s/s | LR: 0.000113
[GeoMind CLOZE Stream] Epoch 1 | Progress: 156352 / 222371 ( 70.3%) | TL: 10.3492 | ATL: 11.0441 | VL: 12.1830 | AVL: 12.1646 | VPPL: 195443.38 | Rate: 93.9 s/s | LR: 0.000110
[GeoMind CLOZE Stream] Epoch 1 | Progress: 156800 / 222371 ( 70.5%) | TL: 10.3966 | ATL: 11.0448 | VL: 12.1838 | AVL: 12.1648 | VPPL: 195604.46 | Rate: 93.9 s/s | LR: 0.000109
[GeoMind CLOZE Stream] Epoch 1 | Progress: 157696 / 222371 ( 70.9%) | TL: 10.4115 | ATL: 11.0420 | VL: 12.1847 | AVL: 12.1650 | VPPL: 195763.64 | Rate: 93.9 s/s | LR: 0.000107
[GeoMind CLOZE Stream] Epoch 1 | Progress: 158592 / 222371 ( 71.3%) | TL: 10.4015 | ATL: 11.0378 | VL: 12.1855 | AVL: 12.1651 | VPPL: 195920.82 | Rate: 93.9 s/s | LR: 0.000104
[GeoMind CLOZE Stream] Epoch 1 | Progress: 159040 / 222371 ( 71.5%) | TL: 10.3840 | ATL: 11.0350 | VL: 12.1862 | AVL: 12.1653 | VPPL: 196073.20 | Rate: 93.9 s/s | LR: 0.000103
[GeoMind CLOZE Stream] Epoch 1 | Progress: 159936 / 222371 ( 71.9%) | TL: 10.3665 | ATL: 11.0304 | VL: 12.1870 | AVL: 12.1655 | VPPL: 196223.55 | Rate: 93.9 s/s | LR: 0.000100
[GeoMind CLOZE Stream] Epoch 1 | Progress: 160832 / 222371 ( 72.3%) | TL: 10.3356 | ATL: 11.0249 | VL: 12.1878 | AVL: 12.1656 | VPPL: 196372.00 | Rate: 94.0 s/s | LR: 0.000098
[GeoMind CLOZE Stream] Epoch 1 | Progress: 161280 / 222371 ( 72.5%) | TL: 10.3260 | ATL: 11.0225 | VL: 12.1885 | AVL: 12.1658 | VPPL: 196515.92 | Rate: 93.9 s/s | LR: 0.000097
[GeoMind CLOZE Stream] Epoch 1 | Progress: 162176 / 222371 ( 72.9%) | TL: 10.3266 | ATL: 11.0187 | VL: 12.1892 | AVL: 12.1660 | VPPL: 196658.20 | Rate: 94.0 s/s | LR: 0.000095
[GeoMind CLOZE Stream] Epoch 1 | Progress: 163072 / 222371 ( 73.3%) | TL: 10.2981 | ATL: 11.0133 | VL: 12.1899 | AVL: 12.1661 | VPPL: 196798.62 | Rate: 93.9 s/s | LR: 0.000092
[GeoMind CLOZE Stream] Epoch 1 | Progress: 163520 / 222371 ( 73.5%) | TL: 10.2828 | ATL: 11.0105 | VL: 12.1906 | AVL: 12.1663 | VPPL: 196934.80 | Rate: 93.9 s/s | LR: 0.000091
[GeoMind CLOZE Stream] Epoch 1 | Progress: 164416 / 222371 ( 73.9%) | TL: 10.2691 | ATL: 11.0057 | VL: 12.1913 | AVL: 12.1665 | VPPL: 197069.01 | Rate: 93.9 s/s | LR: 0.000089
[GeoMind CLOZE Stream] Epoch 1 | Progress: 165312 / 222371 ( 74.3%) | TL: 10.3164 | ATL: 11.0044 | VL: 12.1920 | AVL: 12.1667 | VPPL: 197200.79 | Rate: 93.9 s/s | LR: 0.000087
[GeoMind CLOZE Stream] Epoch 1 | Progress: 165760 / 222371 ( 74.5%) | TL: 10.2879 | ATL: 11.0010 | VL: 12.1926 | AVL: 12.1668 | VPPL: 197328.21 | Rate: 93.9 s/s | LR: 0.000085
[GeoMind CLOZE Stream] Epoch 1 | Progress: 166656 / 222371 ( 74.9%) | TL: 10.2897 | ATL: 10.9972 | VL: 12.1933 | AVL: 12.1670 | VPPL: 197453.46 | Rate: 93.9 s/s | LR: 0.000083
[GeoMind CLOZE Stream] Epoch 1 | Progress: 167552 / 222371 ( 75.3%) | TL: 10.2638 | ATL: 10.9920 | VL: 12.1939 | AVL: 12.1672 | VPPL: 197576.27 | Rate: 94.0 s/s | LR: 0.000081
[GeoMind CLOZE Stream] Epoch 1 | Progress: 168000 / 222371 ( 75.5%) | TL: 10.2530 | ATL: 10.9895 | VL: 12.1945 | AVL: 12.1674 | VPPL: 197694.54 | Rate: 93.9 s/s | LR: 0.000080
[GeoMind CLOZE Stream] Epoch 1 | Progress: 168896 / 222371 ( 76.0%) | TL: 10.2733 | ATL: 10.9867 | VL: 12.1951 | AVL: 12.1675 | VPPL: 197810.21 | Rate: 94.0 s/s | LR: 0.000078
[GeoMind CLOZE Stream] Epoch 1 | Progress: 169792 / 222371 ( 76.4%) | TL: 10.2909 | ATL: 10.9839 | VL: 12.1956 | AVL: 12.1677 | VPPL: 197922.54 | Rate: 94.0 s/s | LR: 0.000076
[GeoMind CLOZE Stream] Epoch 1 | Progress: 170240 / 222371 ( 76.6%) | TL: 10.3056 | ATL: 10.9828 | VL: 12.1962 | AVL: 12.1679 | VPPL: 198030.21 | Rate: 94.0 s/s | LR: 0.000075
[GeoMind CLOZE Stream] Epoch 1 | Progress: 171136 / 222371 ( 77.0%) | TL: 10.2940 | ATL: 10.9787 | VL: 12.1967 | AVL: 12.1680 | VPPL: 198134.72 | Rate: 93.9 s/s | LR: 0.000072
[GeoMind CLOZE Stream] Epoch 1 | Progress: 172032 / 222371 ( 77.4%) | TL: 10.3117 | ATL: 10.9760 | VL: 12.1972 | AVL: 12.1682 | VPPL: 198235.85 | Rate: 93.9 s/s | LR: 0.000070
[GeoMind CLOZE Stream] Epoch 1 | Progress: 172480 / 222371 ( 77.6%) | TL: 10.3057 | ATL: 10.9740 | VL: 12.1977 | AVL: 12.1684 | VPPL: 198332.84 | Rate: 93.9 s/s | LR: 0.000069
[GeoMind CLOZE Stream] Epoch 1 | Progress: 173376 / 222371 ( 78.0%) | TL: 10.3291 | ATL: 10.9717 | VL: 12.1982 | AVL: 12.1685 | VPPL: 198427.08 | Rate: 93.9 s/s | LR: 0.000067
[GeoMind CLOZE Stream] Epoch 1 | Progress: 174272 / 222371 ( 78.4%) | TL: 10.3531 | ATL: 10.9697 | VL: 12.1986 | AVL: 12.1687 | VPPL: 198518.91 | Rate: 94.0 s/s | LR: 0.000065
[GeoMind CLOZE Stream] Epoch 1 | Progress: 174720 / 222371 ( 78.6%) | TL: 10.3504 | ATL: 10.9680 | VL: 12.1991 | AVL: 12.1689 | VPPL: 198607.56 | Rate: 93.9 s/s | LR: 0.000064
[GeoMind CLOZE Stream] Epoch 1 | Progress: 175616 / 222371 ( 79.0%) | TL: 10.3325 | ATL: 10.9639 | VL: 12.1995 | AVL: 12.1690 | VPPL: 198694.43 | Rate: 94.0 s/s | LR: 0.000062
[GeoMind CLOZE Stream] Epoch 1 | Progress: 176512 / 222371 ( 79.4%) | TL: 10.3581 | ATL: 10.9620 | VL: 12.2000 | AVL: 12.1692 | VPPL: 198779.45 | Rate: 93.9 s/s | LR: 0.000061
[GeoMind CLOZE Stream] Epoch 1 | Progress: 176960 / 222371 ( 79.6%) | TL: 10.3213 | ATL: 10.9586 | VL: 12.2004 | AVL: 12.1694 | VPPL: 198861.48 | Rate: 93.9 s/s | LR: 0.000060
[GeoMind CLOZE Stream] Epoch 1 | Progress: 177856 / 222371 ( 80.0%) | TL: 10.3185 | ATL: 10.9552 | VL: 12.2008 | AVL: 12.1695 | VPPL: 198941.64 | Rate: 93.9 s/s | LR: 0.000058
[GeoMind CLOZE Stream] Epoch 1 | Progress: 178752 / 222371 ( 80.4%) | TL: 10.3462 | ATL: 10.9535 | VL: 12.2012 | AVL: 12.1697 | VPPL: 199020.13 | Rate: 93.9 s/s | LR: 0.000056
[GeoMind CLOZE Stream] Epoch 1 | Progress: 179200 / 222371 ( 80.6%) | TL: 10.3412 | ATL: 10.9517 | VL: 12.2015 | AVL: 12.1699 | VPPL: 199095.91 | Rate: 93.9 s/s | LR: 0.000055
[GeoMind CLOZE Stream] Epoch 1 | Progress: 180096 / 222371 ( 81.0%) | TL: 10.2946 | ATL: 10.9463 | VL: 12.2019 | AVL: 12.1700 | VPPL: 199170.48 | Rate: 94.0 s/s | LR: 0.000053
[GeoMind CLOZE Stream] Epoch 1 | Progress: 180992 / 222371 ( 81.4%) | TL: 10.3325 | ATL: 10.9450 | VL: 12.2023 | AVL: 12.1702 | VPPL: 199242.51 | Rate: 93.9 s/s | LR: 0.000052
[GeoMind CLOZE Stream] Epoch 1 | Progress: 181440 / 222371 ( 81.6%) | TL: 10.3206 | ATL: 10.9429 | VL: 12.2026 | AVL: 12.1703 | VPPL: 199311.42 | Rate: 93.8 s/s | LR: 0.000051
[GeoMind CLOZE Stream] Epoch 1 | Progress: 182336 / 222371 ( 82.0%) | TL: 10.3201 | ATL: 10.9398 | VL: 12.2030 | AVL: 12.1705 | VPPL: 199378.04 | Rate: 93.9 s/s | LR: 0.000049
[GeoMind CLOZE Stream] Epoch 1 | Progress: 183232 / 222371 ( 82.4%) | TL: 10.2730 | ATL: 10.9345 | VL: 12.2033 | AVL: 12.1707 | VPPL: 199442.69 | Rate: 93.9 s/s | LR: 0.000047
[GeoMind CLOZE Stream] Epoch 1 | Progress: 183680 / 222371 ( 82.6%) | TL: 10.3105 | ATL: 10.9347 | VL: 12.2036 | AVL: 12.1708 | VPPL: 199504.70 | Rate: 93.9 s/s | LR: 0.000047
[GeoMind CLOZE Stream] Epoch 1 | Progress: 184576 / 222371 ( 83.0%) | TL: 10.3392 | ATL: 10.9330 | VL: 12.2039 | AVL: 12.1710 | VPPL: 199564.74 | Rate: 93.9 s/s | LR: 0.000045
[GeoMind CLOZE Stream] Epoch 1 | Progress: 185472 / 222371 ( 83.4%) | TL: 10.3748 | ATL: 10.9319 | VL: 12.2042 | AVL: 12.1711 | VPPL: 199622.78 | Rate: 93.9 s/s | LR: 0.000043
[GeoMind CLOZE Stream] Epoch 1 | Progress: 185920 / 222371 ( 83.6%) | TL: 10.3537 | ATL: 10.9296 | VL: 12.2045 | AVL: 12.1713 | VPPL: 199678.35 | Rate: 93.9 s/s | LR: 0.000043
[GeoMind CLOZE Stream] Epoch 1 | Progress: 186816 / 222371 ( 84.0%) | TL: 10.3615 | ATL: 10.9272 | VL: 12.2047 | AVL: 12.1714 | VPPL: 199732.11 | Rate: 93.9 s/s | LR: 0.000041
[GeoMind CLOZE Stream] Epoch 1 | Progress: 187712 / 222371 ( 84.4%) | TL: 10.3718 | ATL: 10.9250 | VL: 12.2050 | AVL: 12.1716 | VPPL: 199784.04 | Rate: 94.0 s/s | LR: 0.000040
[GeoMind CLOZE Stream] Epoch 1 | Progress: 188160 / 222371 ( 84.6%) | TL: 10.3711 | ATL: 10.9237 | VL: 12.2052 | AVL: 12.1717 | VPPL: 199833.81 | Rate: 94.0 s/s | LR: 0.000039
[GeoMind CLOZE Stream] Epoch 1 | Progress: 189056 / 222371 ( 85.0%) | TL: 10.4253 | ATL: 10.9237 | VL: 12.2055 | AVL: 12.1719 | VPPL: 199881.54 | Rate: 94.0 s/s | LR: 0.000037
[GeoMind CLOZE Stream] Epoch 1 | Progress: 189952 / 222371 ( 85.4%) | TL: 10.4300 | ATL: 10.9217 | VL: 12.2057 | AVL: 12.1721 | VPPL: 199927.08 | Rate: 94.0 s/s | LR: 0.000036
[GeoMind CLOZE Stream] Epoch 1 | Progress: 190400 / 222371 ( 85.6%) | TL: 10.4109 | ATL: 10.9196 | VL: 12.2059 | AVL: 12.1722 | VPPL: 199970.43 | Rate: 94.0 s/s | LR: 0.000035
[GeoMind CLOZE Stream] Epoch 1 | Progress: 191296 / 222371 ( 86.0%) | TL: 10.4343 | ATL: 10.9183 | VL: 12.2061 | AVL: 12.1723 | VPPL: 200011.56 | Rate: 93.9 s/s | LR: 0.000034
[GeoMind CLOZE Stream] Epoch 1 | Progress: 192192 / 222371 ( 86.4%) | TL: 10.4390 | ATL: 10.9163 | VL: 12.2063 | AVL: 12.1725 | VPPL: 200050.68 | Rate: 93.9 s/s | LR: 0.000033
[GeoMind CLOZE Stream] Epoch 1 | Progress: 192640 / 222371 ( 86.6%) | TL: 10.4268 | ATL: 10.9146 | VL: 12.2065 | AVL: 12.1726 | VPPL: 200087.88 | Rate: 93.9 s/s | LR: 0.000032
[GeoMind CLOZE Stream] Epoch 1 | Progress: 193536 / 222371 ( 87.0%) | TL: 10.4053 | ATL: 10.9113 | VL: 12.2067 | AVL: 12.1728 | VPPL: 200123.43 | Rate: 93.9 s/s | LR: 0.000031
[GeoMind CLOZE Stream] Epoch 1 | Progress: 194432 / 222371 ( 87.4%) | TL: 10.4135 | ATL: 10.9095 | VL: 12.2069 | AVL: 12.1729 | VPPL: 200157.49 | Rate: 94.0 s/s | LR: 0.000029
[GeoMind CLOZE Stream] Epoch 1 | Progress: 194880 / 222371 ( 87.6%) | TL: 10.4050 | ATL: 10.9079 | VL: 12.2070 | AVL: 12.1731 | VPPL: 200190.09 | Rate: 94.0 s/s | LR: 0.000029
[GeoMind CLOZE Stream] Epoch 1 | Progress: 195776 / 222371 ( 88.0%) | TL: 10.4018 | ATL: 10.9055 | VL: 12.2072 | AVL: 12.1732 | VPPL: 200221.46 | Rate: 94.0 s/s | LR: 0.000028
[GeoMind CLOZE Stream] Epoch 1 | Progress: 196672 / 222371 ( 88.4%) | TL: 10.3995 | ATL: 10.9031 | VL: 12.2073 | AVL: 12.1734 | VPPL: 200251.55 | Rate: 94.0 s/s | LR: 0.000027
[GeoMind CLOZE Stream] Epoch 1 | Progress: 197120 / 222371 ( 88.6%) | TL: 10.4042 | ATL: 10.9022 | VL: 12.2075 | AVL: 12.1735 | VPPL: 200280.29 | Rate: 94.0 s/s | LR: 0.000026
[GeoMind CLOZE Stream] Epoch 1 | Progress: 198016 / 222371 ( 89.0%) | TL: 10.3388 | ATL: 10.8969 | VL: 12.2076 | AVL: 12.1736 | VPPL: 200307.78 | Rate: 94.0 s/s | LR: 0.000025
[GeoMind CLOZE Stream] Epoch 1 | Progress: 198912 / 222371 ( 89.5%) | TL: 10.3204 | ATL: 10.8936 | VL: 12.2077 | AVL: 12.1738 | VPPL: 200334.06 | Rate: 94.0 s/s | LR: 0.000024
[GeoMind CLOZE Stream] Epoch 1 | Progress: 199360 / 222371 ( 89.7%) | TL: 10.2972 | ATL: 10.8912 | VL: 12.2079 | AVL: 12.1739 | VPPL: 200359.15 | Rate: 94.0 s/s | LR: 0.000023
[GeoMind CLOZE Stream] Epoch 1 | Progress: 200256 / 222371 ( 90.1%) | TL: 10.3177 | ATL: 10.8895 | VL: 12.2080 | AVL: 12.1740 | VPPL: 200383.32 | Rate: 94.1 s/s | LR: 0.000022
[GeoMind CLOZE Stream] Epoch 1 | Progress: 200704 / 222371 ( 90.3%) | TL: 10.3167 | ATL: 10.8882 | VL: 12.2081 | AVL: 12.1742 | VPPL: 200406.43 | Rate: 93.9 s/s | LR: 0.000022
[GeoMind CLOZE Stream] Epoch 1 | Progress: 201600 / 222371 ( 90.7%) | TL: 10.2648 | ATL: 10.8833 | VL: 12.2082 | AVL: 12.1743 | VPPL: 200428.78 | Rate: 93.9 s/s | LR: 0.000021
[GeoMind CLOZE Stream] Epoch 1 | Progress: 202496 / 222371 ( 91.1%) | TL: 10.2516 | ATL: 10.8800 | VL: 12.2083 | AVL: 12.1744 | VPPL: 200450.56 | Rate: 93.9 s/s | LR: 0.000020
[GeoMind CLOZE Stream] Epoch 1 | Progress: 203392 / 222371 ( 91.5%) | TL: 10.2548 | ATL: 10.8773 | VL: 12.2084 | AVL: 12.1746 | VPPL: 200471.82 | Rate: 93.9 s/s | LR: 0.000019
[GeoMind CLOZE Stream] Epoch 1 | Progress: 203840 / 222371 ( 91.7%) | TL: 10.2189 | ATL: 10.8744 | VL: 12.2085 | AVL: 12.1747 | VPPL: 200492.35 | Rate: 93.9 s/s | LR: 0.000019
[GeoMind CLOZE Stream] Epoch 1 | Progress: 204736 / 222371 ( 92.1%) | TL: 10.2010 | ATL: 10.8707 | VL: 12.2086 | AVL: 12.1748 | VPPL: 200512.36 | Rate: 93.9 s/s | LR: 0.000018
[GeoMind CLOZE Stream] Epoch 1 | Progress: 205632 / 222371 ( 92.5%) | TL: 10.2620 | ATL: 10.8705 | VL: 12.2087 | AVL: 12.1750 | VPPL: 200531.87 | Rate: 93.9 s/s | LR: 0.000017
[GeoMind CLOZE Stream] Epoch 1 | Progress: 206080 / 222371 ( 92.7%) | TL: 10.2581 | ATL: 10.8690 | VL: 12.2088 | AVL: 12.1751 | VPPL: 200550.58 | Rate: 93.9 s/s | LR: 0.000017
[GeoMind CLOZE Stream] Epoch 1 | Progress: 206976 / 222371 ( 93.1%) | TL: 10.2624 | ATL: 10.8665 | VL: 12.2089 | AVL: 12.1752 | VPPL: 200568.76 | Rate: 94.0 s/s | LR: 0.000016
[GeoMind CLOZE Stream] Epoch 1 | Progress: 207872 / 222371 ( 93.5%) | TL: 10.2706 | ATL: 10.8643 | VL: 12.2090 | AVL: 12.1754 | VPPL: 200586.27 | Rate: 94.0 s/s | LR: 0.000015
[GeoMind CLOZE Stream] Epoch 1 | Progress: 208320 / 222371 ( 93.7%) | TL: 10.2704 | ATL: 10.8630 | VL: 12.2091 | AVL: 12.1755 | VPPL: 200603.14 | Rate: 94.0 s/s | LR: 0.000015
[GeoMind CLOZE Stream] Epoch 1 | Progress: 209216 / 222371 ( 94.1%) | TL: 10.2696 | ATL: 10.8604 | VL: 12.2092 | AVL: 12.1756 | VPPL: 200619.63 | Rate: 94.0 s/s | LR: 0.000015
[GeoMind CLOZE Stream] Epoch 1 | Progress: 210112 / 222371 ( 94.5%) | TL: 10.2688 | ATL: 10.8579 | VL: 12.2092 | AVL: 12.1757 | VPPL: 200635.76 | Rate: 94.0 s/s | LR: 0.000014
[GeoMind CLOZE Stream] Epoch 1 | Progress: 210560 / 222371 ( 94.7%) | TL: 10.2665 | ATL: 10.8565 | VL: 12.2093 | AVL: 12.1759 | VPPL: 200651.31 | Rate: 93.9 s/s | LR: 0.000014
[GeoMind CLOZE Stream] Epoch 1 | Progress: 211456 / 222371 ( 95.1%) | TL: 10.2550 | ATL: 10.8535 | VL: 12.2094 | AVL: 12.1760 | VPPL: 200666.63 | Rate: 93.9 s/s | LR: 0.000013
[GeoMind CLOZE Stream] Epoch 1 | Progress: 212352 / 222371 ( 95.5%) | TL: 10.2242 | ATL: 10.8496 | VL: 12.2095 | AVL: 12.1761 | VPPL: 200681.84 | Rate: 93.9 s/s | LR: 0.000013
[GeoMind CLOZE Stream] Epoch 1 | Progress: 212800 / 222371 ( 95.7%) | TL: 10.2484 | ATL: 10.8493 | VL: 12.2095 | AVL: 12.1762 | VPPL: 200696.58 | Rate: 93.9 s/s | LR: 0.000012
[GeoMind CLOZE Stream] Epoch 1 | Progress: 213696 / 222371 ( 96.1%) | TL: 10.3140 | ATL: 10.8496 | VL: 12.2096 | AVL: 12.1763 | VPPL: 200711.09 | Rate: 93.9 s/s | LR: 0.000012
[GeoMind CLOZE Stream] Epoch 1 | Progress: 214592 / 222371 ( 96.5%) | TL: 10.3205 | ATL: 10.8477 | VL: 12.2097 | AVL: 12.1765 | VPPL: 200725.34 | Rate: 94.0 s/s | LR: 0.000012
[GeoMind CLOZE Stream] Epoch 1 | Progress: 215040 / 222371 ( 96.7%) | TL: 10.3345 | ATL: 10.8472 | VL: 12.2098 | AVL: 12.1766 | VPPL: 200739.06 | Rate: 94.0 s/s | LR: 0.000011
[GeoMind CLOZE Stream] Epoch 1 | Progress: 215936 / 222371 ( 97.1%) | TL: 10.3479 | ATL: 10.8456 | VL: 12.2098 | AVL: 12.1767 | VPPL: 200752.43 | Rate: 94.0 s/s | LR: 0.000011
[GeoMind CLOZE Stream] Epoch 1 | Progress: 216832 / 222371 ( 97.5%) | TL: 10.3317 | ATL: 10.8429 | VL: 12.2099 | AVL: 12.1768 | VPPL: 200765.39 | Rate: 94.0 s/s | LR: 0.000011
[GeoMind CLOZE Stream] Epoch 1 | Progress: 217280 / 222371 ( 97.7%) | TL: 10.3581 | ATL: 10.8429 | VL: 12.2100 | AVL: 12.1769 | VPPL: 200777.81 | Rate: 94.0 s/s | LR: 0.000011
[GeoMind CLOZE Stream] Epoch 1 | Progress: 218176 / 222371 ( 98.1%) | TL: 10.3670 | ATL: 10.8413 | VL: 12.2100 | AVL: 12.1771 | VPPL: 200789.86 | Rate: 94.0 s/s | LR: 0.000011
[GeoMind CLOZE Stream] Epoch 1 | Progress: 219072 / 222371 ( 98.5%) | TL: 10.3706 | ATL: 10.8395 | VL: 12.2101 | AVL: 12.1772 | VPPL: 200801.50 | Rate: 94.0 s/s | LR: 0.000010
[GeoMind CLOZE Stream] Epoch 1 | Progress: 219520 / 222371 ( 98.7%) | TL: 10.3606 | ATL: 10.8381 | VL: 12.2101 | AVL: 12.1773 | VPPL: 200812.62 | Rate: 94.0 s/s | LR: 0.000010
[GeoMind CLOZE Stream] Epoch 1 | Progress: 220416 / 222371 ( 99.1%) | TL: 10.3962 | ATL: 10.8377 | VL: 12.2102 | AVL: 12.1774 | VPPL: 200823.20 | Rate: 94.0 s/s | LR: 0.000010
[GeoMind CLOZE Stream] Epoch 1 | Progress: 221312 / 222371 ( 99.5%) | TL: 10.3739 | ATL: 10.8349 | VL: 12.2102 | AVL: 12.1775 | VPPL: 200833.18 | Rate: 94.0 s/s | LR: 0.000010
[GeoMind CLOZE Stream] Epoch 1 | Progress: 221760 / 222371 ( 99.7%) | TL: 10.3541 | ATL: 10.8332 | VL: 12.2103 | AVL: 12.1776 | VPPL: 200842.62 | Rate: 93.9 s/s | LR: 0.000010
[GeoMind CLOZE Stream] Epoch 1 | Progress: 222656 / 222371 (100.0%) | TL: 10.3585 | ATL: 10.8314 | VL: 12.2103 | AVL: 12.1777 | VPPL: 200851.58 | Rate: 94.0 s/s | LR: 0.000010
[GeoMind CLOZE Stream] Epoch 1 | Progress: 223552 / 222371 (100.0%) | TL: 10.3801 | ATL: 10.8304 | VL: 12.2104 | AVL: 12.1779 | VPPL: 200860.03 | Rate: 94.0 s/s | LR: 0.000010
[GeoMind CLOZE Stream] Epoch 1 | Progress: 224000 / 222371 (100.0%) | TL: 10.3912 | ATL: 10.8299 | VL: 12.2104 | AVL: 12.1780 | VPPL: 200868.06 | Rate: 94.0 s/s | LR: 0.000010
[GeoMind CLOZE Stream] Epoch 1 | Progress: 224896 / 222371 (100.0%) | TL: 10.4029 | ATL: 10.8286 | VL: 12.2104 | AVL: 12.1781 | VPPL: 200875.72 | Rate: 94.0 s/s | LR: 0.000010
[GeoMind CLOZE Stream] Epoch 1 | Progress: 225792 / 222371 (100.0%) | TL: 10.4220 | ATL: 10.8277 | VL: 12.2105 | AVL: 12.1782 | VPPL: 200883.15 | Rate: 94.0 s/s | LR: 0.000010
[GeoMind CLOZE Stream] Epoch 1 | Progress: 226240 / 222371 (100.0%) | TL: 10.4298 | ATL: 10.8273 | VL: 12.2105 | AVL: 12.1783 | VPPL: 200890.24 | Rate: 93.9 s/s | LR: 0.000010
[GeoMind CLOZE Stream] Epoch 1 | Progress: 227136 / 222371 (100.0%) | TL: 10.4207 | ATL: 10.8253 | VL: 12.2105 | AVL: 12.1784 | VPPL: 200897.08 | Rate: 94.0 s/s | LR: 0.000010
[GeoMind CLOZE Stream] Epoch 1 | Progress: 228032 / 222371 (100.0%) | TL: 10.3946 | ATL: 10.8227 | VL: 12.2106 | AVL: 12.1785 | VPPL: 200903.82 | Rate: 94.0 s/s | LR: 0.000010
[GeoMind CLOZE Stream] Epoch 1 | Progress: 228480 / 222371 (100.0%) | TL: 10.3934 | ATL: 10.8218 | VL: 12.2106 | AVL: 12.1786 | VPPL: 200910.36 | Rate: 94.0 s/s | LR: 0.000010
[GeoMind CLOZE Stream] Epoch 1 | Progress: 229376 / 222371 (100.0%) | TL: 10.3482 | ATL: 10.8183 | VL: 12.2106 | AVL: 12.1787 | VPPL: 200916.81 | Rate: 94.0 s/s | LR: 0.000010
[GeoMind CLOZE Stream] Epoch 1 | Progress: 230272 / 222371 (100.0%) | TL: 10.2987 | ATL: 10.8145 | VL: 12.2107 | AVL: 12.1788 | VPPL: 200923.29 | Rate: 94.0 s/s | LR: 0.000010
[GeoMind CLOZE Stream] Epoch 1 | Progress: 230720 / 222371 (100.0%) | TL: 10.3143 | ATL: 10.8141 | VL: 12.2107 | AVL: 12.1789 | VPPL: 200929.63 | Rate: 93.9 s/s | LR: 0.000010
[GeoMind CLOZE Stream] Epoch 1 | Progress: 231616 / 222371 (100.0%) | TL: 10.2879 | ATL: 10.8111 | VL: 12.2107 | AVL: 12.1790 | VPPL: 200936.02 | Rate: 93.9 s/s | LR: 0.000010
[GeoMind CLOZE Stream] Epoch 1 | Progress: 232512 / 222371 (100.0%) | TL: 10.2919 | ATL: 10.8093 | VL: 12.2108 | AVL: 12.1791 | VPPL: 200942.37 | Rate: 94.0 s/s | LR: 0.000010
[GeoMind CLOZE Stream] Epoch 1 | Progress: 232960 / 222371 (100.0%) | TL: 10.2983 | ATL: 10.8085 | VL: 12.2108 | AVL: 12.1792 | VPPL: 200948.57 | Rate: 94.0 s/s | LR: 0.000010
[GeoMind CLOZE Stream] Epoch 1 | Progress: 233856 / 222371 (100.0%) | TL: 10.2796 | ATL: 10.8058 | VL: 12.2108 | AVL: 12.1794 | VPPL: 200954.79 | Rate: 94.0 s/s | LR: 0.000010
[GeoMind CLOZE Stream] Epoch 1 | Progress: 234752 / 222371 (100.0%) | TL: 10.2326 | ATL: 10.8020 | VL: 12.2109 | AVL: 12.1795 | VPPL: 200961.05 | Rate: 94.0 s/s | LR: 0.000010
[GeoMind CLOZE Stream] Epoch 1 | Progress: 235200 / 222371 (100.0%) | TL: 10.2321 | ATL: 10.8009 | VL: 12.2109 | AVL: 12.1796 | VPPL: 200967.14 | Rate: 94.0 s/s | LR: 0.000010
[GeoMind CLOZE Stream] Epoch 1 | Progress: 236096 / 222371 (100.0%) | TL: 10.2427 | ATL: 10.7991 | VL: 12.2109 | AVL: 12.1797 | VPPL: 200973.19 | Rate: 94.0 s/s | LR: 0.000010
[GeoMind CLOZE Stream] Epoch 1 | Progress: 236992 / 222371 (100.0%) | TL: 10.2391 | ATL: 10.7969 | VL: 12.2110 | AVL: 12.1798 | VPPL: 200979.26 | Rate: 94.0 s/s | LR: 0.000010
[GeoMind CLOZE Stream] Epoch 1 | Progress: 237440 / 222371 (100.0%) | TL: 10.2605 | ATL: 10.7967 | VL: 12.2110 | AVL: 12.1799 | VPPL: 200985.16 | Rate: 94.0 s/s | LR: 0.000010
[GeoMind CLOZE Stream] Epoch 1 | Progress: 238336 / 222371 (100.0%) | TL: 10.2961 | ATL: 10.7960 | VL: 12.2110 | AVL: 12.1800 | VPPL: 200991.07 | Rate: 94.0 s/s | LR: 0.000010
[GeoMind CLOZE Stream] Epoch 1 | Progress: 239232 / 222371 (100.0%) | TL: 10.2720 | ATL: 10.7932 | VL: 12.2110 | AVL: 12.1801 | VPPL: 200997.03 | Rate: 94.0 s/s | LR: 0.000010
[GeoMind CLOZE Stream] Epoch 1 | Progress: 239680 / 222371 (100.0%) | TL: 10.2977 | ATL: 10.7932 | VL: 12.2111 | AVL: 12.1802 | VPPL: 201002.86 | Rate: 94.0 s/s | LR: 0.000010

>>> [EPOCH 1 COMPLETE] Total Samples Streamed: 240000 | Val Loss: 12.2111 | Val PPL: 201002.86 <<<

